Archive member included to satisfy reference by file (symbol)

/Applications/Ac6/SystemWorkbench.app/Contents/Eclipse/plugins/fr.ac6.mcu.externaltools.arm-none.macos64_1.13.1.201703061524/tools/compiler/bin/../lib/gcc/arm-none-eabi/5.4.1/armv7e-m/fpu/libgcc.a(_aeabi_uldivmod.o)
                              Drivers/STM32L4xx_HAL_Driver/Src/stm32l4xx_hal_uart.o (__aeabi_uldivmod)
/Applications/Ac6/SystemWorkbench.app/Contents/Eclipse/plugins/fr.ac6.mcu.externaltools.arm-none.macos64_1.13.1.201703061524/tools/compiler/bin/../lib/gcc/arm-none-eabi/5.4.1/armv7e-m/fpu/libgcc.a(_udivmoddi4.o)
                              /Applications/Ac6/SystemWorkbench.app/Contents/Eclipse/plugins/fr.ac6.mcu.externaltools.arm-none.macos64_1.13.1.201703061524/tools/compiler/bin/../lib/gcc/arm-none-eabi/5.4.1/armv7e-m/fpu/libgcc.a(_aeabi_uldivmod.o) (__udivmoddi4)
/Applications/Ac6/SystemWorkbench.app/Contents/Eclipse/plugins/fr.ac6.mcu.externaltools.arm-none.macos64_1.13.1.201703061524/tools/compiler/bin/../lib/gcc/arm-none-eabi/5.4.1/armv7e-m/fpu/libgcc.a(_dvmd_tls.o)
                              /Applications/Ac6/SystemWorkbench.app/Contents/Eclipse/plugins/fr.ac6.mcu.externaltools.arm-none.macos64_1.13.1.201703061524/tools/compiler/bin/../lib/gcc/arm-none-eabi/5.4.1/armv7e-m/fpu/libgcc.a(_aeabi_uldivmod.o) (__aeabi_ldiv0)
/Applications/Ac6/SystemWorkbench.app/Contents/Eclipse/plugins/fr.ac6.mcu.externaltools.arm-none.macos64_1.13.1.201703061524/tools/compiler/bin/../lib/gcc/arm-none-eabi/5.4.1/../../../../arm-none-eabi/lib/armv7e-m/fpu/libc_nano.a(lib_a-exit.o)
                              /Applications/Ac6/SystemWorkbench.app/Contents/Eclipse/plugins/fr.ac6.mcu.externaltools.arm-none.macos64_1.13.1.201703061524/tools/compiler/bin/../lib/gcc/arm-none-eabi/5.4.1/../../../../arm-none-eabi/lib/armv7e-m/fpu/crt0.o (exit)
/Applications/Ac6/SystemWorkbench.app/Contents/Eclipse/plugins/fr.ac6.mcu.externaltools.arm-none.macos64_1.13.1.201703061524/tools/compiler/bin/../lib/gcc/arm-none-eabi/5.4.1/../../../../arm-none-eabi/lib/armv7e-m/fpu/libc_nano.a(lib_a-impure.o)
                              /Applications/Ac6/SystemWorkbench.app/Contents/Eclipse/plugins/fr.ac6.mcu.externaltools.arm-none.macos64_1.13.1.201703061524/tools/compiler/bin/../lib/gcc/arm-none-eabi/5.4.1/../../../../arm-none-eabi/lib/armv7e-m/fpu/libc_nano.a(lib_a-exit.o) (_global_impure_ptr)
/Applications/Ac6/SystemWorkbench.app/Contents/Eclipse/plugins/fr.ac6.mcu.externaltools.arm-none.macos64_1.13.1.201703061524/tools/compiler/bin/../lib/gcc/arm-none-eabi/5.4.1/../../../../arm-none-eabi/lib/armv7e-m/fpu/libc_nano.a(lib_a-init.o)
                              /Applications/Ac6/SystemWorkbench.app/Contents/Eclipse/plugins/fr.ac6.mcu.externaltools.arm-none.macos64_1.13.1.201703061524/tools/compiler/bin/../lib/gcc/arm-none-eabi/5.4.1/../../../../arm-none-eabi/lib/armv7e-m/fpu/crt0.o (__libc_init_array)
/Applications/Ac6/SystemWorkbench.app/Contents/Eclipse/plugins/fr.ac6.mcu.externaltools.arm-none.macos64_1.13.1.201703061524/tools/compiler/bin/../lib/gcc/arm-none-eabi/5.4.1/../../../../arm-none-eabi/lib/armv7e-m/fpu/libc_nano.a(lib_a-memcpy-stub.o)
                              Middlewares/Third_Party/FreeRTOS/Source/queue.o (memcpy)
/Applications/Ac6/SystemWorkbench.app/Contents/Eclipse/plugins/fr.ac6.mcu.externaltools.arm-none.macos64_1.13.1.201703061524/tools/compiler/bin/../lib/gcc/arm-none-eabi/5.4.1/../../../../arm-none-eabi/lib/armv7e-m/fpu/libc_nano.a(lib_a-memset.o)
                              /Applications/Ac6/SystemWorkbench.app/Contents/Eclipse/plugins/fr.ac6.mcu.externaltools.arm-none.macos64_1.13.1.201703061524/tools/compiler/bin/../lib/gcc/arm-none-eabi/5.4.1/../../../../arm-none-eabi/lib/armv7e-m/fpu/crt0.o (memset)
/Applications/Ac6/SystemWorkbench.app/Contents/Eclipse/plugins/fr.ac6.mcu.externaltools.arm-none.macos64_1.13.1.201703061524/tools/compiler/bin/../lib/gcc/arm-none-eabi/5.4.1/../../../../arm-none-eabi/lib/armv7e-m/fpu/libnosys.a(_exit.o)
                              /Applications/Ac6/SystemWorkbench.app/Contents/Eclipse/plugins/fr.ac6.mcu.externaltools.arm-none.macos64_1.13.1.201703061524/tools/compiler/bin/../lib/gcc/arm-none-eabi/5.4.1/../../../../arm-none-eabi/lib/armv7e-m/fpu/libc_nano.a(lib_a-exit.o) (_exit)

Allocating common symbols
Common symbol       size              file

hdma_usart2_rx      0x48              Src/main.o
processCanHandle    0x4               Src/main.o
ProcessUartHandle   0x4               Src/main.o
mainCanRxQHandle    0x4               Src/main.o
housekeepingHandle  0x4               Src/main.o
uwTick              0x4               Drivers/STM32L4xx_HAL_Driver/Src/stm32l4xx_hal.o
xQueueRegistry      0x40              Middlewares/Third_Party/FreeRTOS/Source/queue.o
pFlash              0x20              Drivers/STM32L4xx_HAL_Driver/Src/stm32l4xx_hal_flash.o
UartTxMtxHandle     0x4               Src/main.o
Serial2_buffer      0x400             Src/main.o
hdma_usart2_tx      0x48              Src/main.o
[...]
Memory Configuration

Name             Origin             Length             Attributes
RAM              0x0000000020000000 0x000000000000c000 xrw
RAM2             0x0000000010000000 0x0000000000004000 xrw
FLASH            0x0000000008000000 0x0000000000040000 xr
*default*        0x0000000000000000 0xffffffffffffffff

Linker script and memory map

LOAD /Applications/Ac6/SystemWorkbench.app/Contents/Eclipse/plugins/fr.ac6.mcu.externaltools.arm-none.macos64_1.13.1.201703061524/tools/compiler/bin/../lib/gcc/arm-none-eabi/5.4.1/armv7e-m/fpu/crti.o
LOAD /Applications/Ac6/SystemWorkbench.app/Contents/Eclipse/plugins/fr.ac6.mcu.externaltools.arm-none.macos64_1.13.1.201703061524/tools/compiler/bin/../lib/gcc/arm-none-eabi/5.4.1/armv7e-m/fpu/crtbegin.o
LOAD /Applications/Ac6/SystemWorkbench.app/Contents/Eclipse/plugins/fr.ac6.mcu.externaltools.arm-none.macos64_1.13.1.201703061524/tools/compiler/bin/../lib/gcc/arm-none-eabi/5.4.1/../../../../arm-none-eabi/lib/armv7e-m/fpu/crt0.o
LOAD /Applications/Ac6/SystemWorkbench.app/Contents/Eclipse/plugins/fr.ac6.mcu.externaltools.arm-none.macos64_1.13.1.201703061524/tools/compiler/bin/../lib/gcc/arm-none-eabi/5.4.1/../../../../arm-none-eabi/lib/armv7e-m/fpu/libm.a
LOAD Drivers/STM32L4xx_HAL_Driver/Src/stm32l4xx_hal.o
LOAD Drivers/STM32L4xx_HAL_Driver/Src/stm32l4xx_hal_can.o
LOAD Drivers/STM32L4xx_HAL_Driver/Src/stm32l4xx_hal_cortex.o
LOAD Drivers/STM32L4xx_HAL_Driver/Src/stm32l4xx_hal_dma.o
LOAD Drivers/STM32L4xx_HAL_Driver/Src/stm32l4xx_hal_flash.o
LOAD Drivers/STM32L4xx_HAL_Driver/Src/stm32l4xx_hal_flash_ex.o
LOAD Drivers/STM32L4xx_HAL_Driver/Src/stm32l4xx_hal_flash_ramfunc.o
LOAD Drivers/STM32L4xx_HAL_Driver/Src/stm32l4xx_hal_gpio.o
LOAD Drivers/STM32L4xx_HAL_Driver/Src/stm32l4xx_hal_i2c.o
LOAD Drivers/STM32L4xx_HAL_Driver/Src/stm32l4xx_hal_i2c_ex.o
LOAD Drivers/STM32L4xx_HAL_Driver/Src/stm32l4xx_hal_pwr.o
LOAD Drivers/STM32L4xx_HAL_Driver/Src/stm32l4xx_hal_pwr_ex.o
LOAD Drivers/STM32L4xx_HAL_Driver/Src/stm32l4xx_hal_rcc.o
LOAD Drivers/STM32L4xx_HAL_Driver/Src/stm32l4xx_hal_rcc_ex.o
LOAD Drivers/STM32L4xx_HAL_Driver/Src/stm32l4xx_hal_tim.o
LOAD Drivers/STM32L4xx_HAL_Driver/Src/stm32l4xx_hal_tim_ex.o
LOAD Drivers/STM32L4xx_HAL_Driver/Src/stm32l4xx_hal_uart.o
LOAD Drivers/STM32L4xx_HAL_Driver/Src/stm32l4xx_hal_uart_ex.o
LOAD Drivers/STM32L4xx_HAL_Driver/Src/stm32l4xx_hal_wwdg.o
LOAD Drivers/STM32L4xx_HAL_Driver/Src/stm32l4xx_ll_dma.o
LOAD Drivers/STM32L4xx_HAL_Driver/Src/stm32l4xx_ll_exti.o
LOAD Drivers/STM32L4xx_HAL_Driver/Src/stm32l4xx_ll_gpio.o
LOAD Drivers/STM32L4xx_HAL_Driver/Src/stm32l4xx_ll_utils.o
LOAD Middlewares/Third_Party/FreeRTOS/Source/CMSIS_RTOS/cmsis_os.o
LOAD Middlewares/Third_Party/FreeRTOS/Source/croutine.o
LOAD Middlewares/Third_Party/FreeRTOS/Source/event_groups.o
LOAD Middlewares/Third_Party/FreeRTOS/Source/list.o
LOAD Middlewares/Third_Party/FreeRTOS/Source/queue.o
LOAD Middlewares/Third_Party/FreeRTOS/Source/tasks.o
LOAD Middlewares/Third_Party/FreeRTOS/Source/timers.o
LOAD Middlewares/Third_Party/FreeRTOS/Source/portable/GCC/ARM_CM4F/port.o
LOAD Middlewares/Third_Party/FreeRTOS/Source/portable/MemMang/heap_4.o
LOAD Src/can.o
LOAD Src/freertos.o
LOAD Src/main.o
LOAD Src/serial.o
LOAD Src/stm32l4xx_hal_msp.o
LOAD Src/stm32l4xx_hal_timebase_TIM.o
LOAD Src/stm32l4xx_it.o
LOAD Src/system_stm32l4xx.o
LOAD startup/startup_stm32l432xx.o
START GROUP
LOAD /Applications/Ac6/SystemWorkbench.app/Contents/Eclipse/plugins/fr.ac6.mcu.externaltools.arm-none.macos64_1.13.1.201703061524/tools/compiler/bin/../lib/gcc/arm-none-eabi/5.4.1/armv7e-m/fpu/libgcc.a
LOAD /Applications/Ac6/SystemWorkbench.app/Contents/Eclipse/plugins/fr.ac6.mcu.externaltools.arm-none.macos64_1.13.1.201703061524/tools/compiler/bin/../lib/gcc/arm-none-eabi/5.4.1/../../../../arm-none-eabi/lib/armv7e-m/fpu/libc_nano.a
END GROUP
START GROUP
LOAD /Applications/Ac6/SystemWorkbench.app/Contents/Eclipse/plugins/fr.ac6.mcu.externaltools.arm-none.macos64_1.13.1.201703061524/tools/compiler/bin/../lib/gcc/arm-none-eabi/5.4.1/armv7e-m/fpu/libgcc.a
LOAD /Applications/Ac6/SystemWorkbench.app/Contents/Eclipse/plugins/fr.ac6.mcu.externaltools.arm-none.macos64_1.13.1.201703061524/tools/compiler/bin/../lib/gcc/arm-none-eabi/5.4.1/../../../../arm-none-eabi/lib/armv7e-m/fpu/libc_nano.a
LOAD /Applications/Ac6/SystemWorkbench.app/Contents/Eclipse/plugins/fr.ac6.mcu.externaltools.arm-none.macos64_1.13.1.201703061524/tools/compiler/bin/../lib/gcc/arm-none-eabi/5.4.1/../../../../arm-none-eabi/lib/armv7e-m/fpu/libnosys.a
END GROUP
START GROUP
LOAD /Applications/Ac6/SystemWorkbench.app/Contents/Eclipse/plugins/fr.ac6.mcu.externaltools.arm-none.macos64_1.13.1.201703061524/tools/compiler/bin/../lib/gcc/arm-none-eabi/5.4.1/armv7e-m/fpu/libgcc.a
LOAD /Applications/Ac6/SystemWorkbench.app/Contents/Eclipse/plugins/fr.ac6.mcu.externaltools.arm-none.macos64_1.13.1.201703061524/tools/compiler/bin/../lib/gcc/arm-none-eabi/5.4.1/../../../../arm-none-eabi/lib/armv7e-m/fpu/libc_nano.a
LOAD /Applications/Ac6/SystemWorkbench.app/Contents/Eclipse/plugins/fr.ac6.mcu.externaltools.arm-none.macos64_1.13.1.201703061524/tools/compiler/bin/../lib/gcc/arm-none-eabi/5.4.1/../../../../arm-none-eabi/lib/armv7e-m/fpu/libnosys.a
END GROUP
LOAD /Applications/Ac6/SystemWorkbench.app/Contents/Eclipse/plugins/fr.ac6.mcu.externaltools.arm-none.macos64_1.13.1.201703061524/tools/compiler/bin/../lib/gcc/arm-none-eabi/5.4.1/armv7e-m/fpu/crtend.o
LOAD /Applications/Ac6/SystemWorkbench.app/Contents/Eclipse/plugins/fr.ac6.mcu.externaltools.arm-none.macos64_1.13.1.201703061524/tools/compiler/bin/../lib/gcc/arm-none-eabi/5.4.1/armv7e-m/fpu/crtn.o
                0x000000002000c000                _estack = 0x2000c000
                0x0000000000000200                _Min_Heap_Size = 0x200
                0x0000000000000400                _Min_Stack_Size = 0x400

.isr_vector     0x0000000008000000      0x190
                0x0000000008000000                . = ALIGN (0x8)
 *(.isr_vector)
 .isr_vector    0x0000000008000000      0x18c startup/startup_stm32l432xx.o
                0x0000000008000000                g_pfnVectors
                0x0000000008000190                . = ALIGN (0x8)
 *fill*         0x000000000800018c        0x4 

.text           0x0000000008000190     0x6850
                0x0000000008000190                . = ALIGN (0x8)
 *(.text)
 .text          0x0000000008000190       0x5c /Applications/Ac6/SystemWorkbench.app/Contents/Eclipse/plugins/fr.ac6.mcu.externaltools.arm-none.macos64_1.13.1.201703061524/tools/compiler/bin/../lib/gcc/arm-none-eabi/5.4.1/armv7e-m/fpu/crtbegin.o
 .text          0x00000000080001ec       0x30 /Applications/Ac6/SystemWorkbench.app/Contents/Eclipse/plugins/fr.ac6.mcu.externaltools.arm-none.macos64_1.13.1.201703061524/tools/compiler/bin/../lib/gcc/arm-none-eabi/5.4.1/armv7e-m/fpu/libgcc.a(_aeabi_uldivmod.o)
                0x00000000080001ec                __aeabi_uldivmod
 .text          0x000000000800021c      0x2e4 /Applications/Ac6/SystemWorkbench.app/Contents/Eclipse/plugins/fr.ac6.mcu.externaltools.arm-none.macos64_1.13.1.201703061524/tools/compiler/bin/../lib/gcc/arm-none-eabi/5.4.1/armv7e-m/fpu/libgcc.a(_udivmoddi4.o)
                0x000000000800021c                __udivmoddi4
 .text          0x0000000008000500        0x4 /Applications/Ac6/SystemWorkbench.app/Contents/Eclipse/plugins/fr.ac6.mcu.externaltools.arm-none.macos64_1.13.1.201703061524/tools/compiler/bin/../lib/gcc/arm-none-eabi/5.4.1/armv7e-m/fpu/libgcc.a(_dvmd_tls.o)
                0x0000000008000500                __aeabi_ldiv0
                0x0000000008000500                __aeabi_idiv0
 *(.text*)
 .text.HAL_Init
                0x0000000008000504       0x24 Drivers/STM32L4xx_HAL_Driver/Src/stm32l4xx_hal.o
                0x0000000008000504                HAL_Init
 .text.HAL_IncTick
                0x0000000008000528       0x10 Drivers/STM32L4xx_HAL_Driver/Src/stm32l4xx_hal.o
                0x0000000008000528                HAL_IncTick
 .text.HAL_GetTick
                0x0000000008000538        0xc Drivers/STM32L4xx_HAL_Driver/Src/stm32l4xx_hal.o
                0x0000000008000538                HAL_GetTick
 .text.HAL_CAN_ConfigFilter
                0x0000000008000544       0xf4 Drivers/STM32L4xx_HAL_Driver/Src/stm32l4xx_hal_can.o
                0x0000000008000544                HAL_CAN_ConfigFilter
 .text.HAL_CAN_Init
                0x0000000008000638      0x188 Drivers/STM32L4xx_HAL_Driver/Src/stm32l4xx_hal_can.o
                0x0000000008000638                HAL_CAN_Init
 .text.HAL_CAN_Transmit_IT
                0x00000000080007c0      0x150 Drivers/STM32L4xx_HAL_Driver/Src/stm32l4xx_hal_can.o
                0x00000000080007c0                HAL_CAN_Transmit_IT
 .text.HAL_CAN_Receive_IT
                0x0000000008000910       0x7c Drivers/STM32L4xx_HAL_Driver/Src/stm32l4xx_hal_can.o
                0x0000000008000910                HAL_CAN_Receive_IT
 .text.CAN_Transmit_IT
                0x000000000800098c       0x40 Drivers/STM32L4xx_HAL_Driver/Src/stm32l4xx_hal_can.o
 .text.CAN_Receive_IT
                0x00000000080009cc      0x134 Drivers/STM32L4xx_HAL_Driver/Src/stm32l4xx_hal_can.o
 .text.HAL_CAN_IRQHandler
                0x0000000008000b00      0x168 Drivers/STM32L4xx_HAL_Driver/Src/stm32l4xx_hal_can.o
                0x0000000008000b00                HAL_CAN_IRQHandler
 .text.HAL_CAN_GetError
                0x0000000008000c68        0x4 Drivers/STM32L4xx_HAL_Driver/Src/stm32l4xx_hal_can.o
                0x0000000008000c68                HAL_CAN_GetError
 .text.HAL_NVIC_SetPriorityGrouping
                0x0000000008000c6c       0x24 Drivers/STM32L4xx_HAL_Driver/Src/stm32l4xx_hal_cortex.o
                0x0000000008000c6c                HAL_NVIC_SetPriorityGrouping
 .text.HAL_NVIC_SetPriority
                0x0000000008000c90       0x64 Drivers/STM32L4xx_HAL_Driver/Src/stm32l4xx_hal_cortex.o
                0x0000000008000c90                HAL_NVIC_SetPriority
 .text.HAL_NVIC_EnableIRQ
                0x0000000008000cf4       0x18 Drivers/STM32L4xx_HAL_Driver/Src/stm32l4xx_hal_cortex.o
                0x0000000008000cf4                HAL_NVIC_EnableIRQ
 .text.HAL_SYSTICK_Config
                0x0000000008000d0c       0x2c Drivers/STM32L4xx_HAL_Driver/Src/stm32l4xx_hal_cortex.o
                0x0000000008000d0c                HAL_SYSTICK_Config
 .text.HAL_SYSTICK_CLKSourceConfig
                0x0000000008000d38       0x20 Drivers/STM32L4xx_HAL_Driver/Src/stm32l4xx_hal_cortex.o
                0x0000000008000d38                HAL_SYSTICK_CLKSourceConfig
 .text.DMA_SetConfig
                0x0000000008000d58       0x2c Drivers/STM32L4xx_HAL_Driver/Src/stm32l4xx_hal_dma.o
 .text.HAL_DMA_Init
                0x0000000008000d84       0xf8 Drivers/STM32L4xx_HAL_Driver/Src/stm32l4xx_hal_dma.o
                0x0000000008000d84                HAL_DMA_Init
 .text.HAL_DMA_Start_IT
                0x0000000008000e7c       0x78 Drivers/STM32L4xx_HAL_Driver/Src/stm32l4xx_hal_dma.o
                0x0000000008000e7c                HAL_DMA_Start_IT
 .text.HAL_DMA_Abort_IT
                0x0000000008000ef4       0x4c Drivers/STM32L4xx_HAL_Driver/Src/stm32l4xx_hal_dma.o
                0x0000000008000ef4                HAL_DMA_Abort_IT
 .text.HAL_DMA_IRQHandler
                0x0000000008000f40       0xb4 Drivers/STM32L4xx_HAL_Driver/Src/stm32l4xx_hal_dma.o
                0x0000000008000f40                HAL_DMA_IRQHandler
 .text.HAL_GPIO_Init
                0x0000000008000ff4      0x17c Drivers/STM32L4xx_HAL_Driver/Src/stm32l4xx_hal_gpio.o
                0x0000000008000ff4                HAL_GPIO_Init
 .text.HAL_PWREx_GetVoltageRange
                0x0000000008001170       0x10 Drivers/STM32L4xx_HAL_Driver/Src/stm32l4xx_hal_pwr_ex.o
                0x0000000008001170                HAL_PWREx_GetVoltageRange
 .text.HAL_PWREx_ControlVoltageScaling
                0x0000000008001180       0x90 Drivers/STM32L4xx_HAL_Driver/Src/stm32l4xx_hal_pwr_ex.o
                0x0000000008001180                HAL_PWREx_ControlVoltageScaling
 .text.RCC_SetFlashLatencyFromMSIRange
                0x0000000008001210       0x90 Drivers/STM32L4xx_HAL_Driver/Src/stm32l4xx_hal_rcc.o
 .text.HAL_RCC_GetSysClockFreq
                0x00000000080012a0      0x174 Drivers/STM32L4xx_HAL_Driver/Src/stm32l4xx_hal_rcc.o
                0x00000000080012a0                HAL_RCC_GetSysClockFreq
 .text.HAL_RCC_OscConfig
                0x0000000008001414      0x628 Drivers/STM32L4xx_HAL_Driver/Src/stm32l4xx_hal_rcc.o
                0x0000000008001414                HAL_RCC_OscConfig
 .text.HAL_RCC_ClockConfig
                0x0000000008001a3c      0x1cc Drivers/STM32L4xx_HAL_Driver/Src/stm32l4xx_hal_rcc.o
                0x0000000008001a3c                HAL_RCC_ClockConfig
 .text.HAL_RCC_GetHCLKFreq
                0x0000000008001c08        0xc Drivers/STM32L4xx_HAL_Driver/Src/stm32l4xx_hal_rcc.o
                0x0000000008001c08                HAL_RCC_GetHCLKFreq
 .text.HAL_RCC_GetPCLK1Freq
                0x0000000008001c14       0x30 Drivers/STM32L4xx_HAL_Driver/Src/stm32l4xx_hal_rcc.o
                0x0000000008001c14                HAL_RCC_GetPCLK1Freq
 .text.HAL_RCC_GetPCLK2Freq
                0x0000000008001c44       0x30 Drivers/STM32L4xx_HAL_Driver/Src/stm32l4xx_hal_rcc.o
                0x0000000008001c44                HAL_RCC_GetPCLK2Freq
 .text.HAL_RCC_GetClockConfig
                0x0000000008001c74       0x3c Drivers/STM32L4xx_HAL_Driver/Src/stm32l4xx_hal_rcc.o
                0x0000000008001c74                HAL_RCC_GetClockConfig
 .text.RCCEx_PLLSAI1_Config
                0x0000000008001cb0      0x1f4 Drivers/STM32L4xx_HAL_Driver/Src/stm32l4xx_hal_rcc_ex.o
 .text.HAL_RCCEx_PeriphCLKConfig
                0x0000000008001ea4      0x2dc Drivers/STM32L4xx_HAL_Driver/Src/stm32l4xx_hal_rcc_ex.o
                0x0000000008001ea4                HAL_RCCEx_PeriphCLKConfig
 .text.HAL_TIM_Base_MspInit
                0x0000000008002180        0x4 Drivers/STM32L4xx_HAL_Driver/Src/stm32l4xx_hal_tim.o
                0x0000000008002180                HAL_TIM_Base_MspInit
 .text.HAL_TIM_Base_Start_IT
                0x0000000008002184       0x18 Drivers/STM32L4xx_HAL_Driver/Src/stm32l4xx_hal_tim.o
                0x0000000008002184                HAL_TIM_Base_Start_IT
 .text.HAL_TIM_OC_DelayElapsedCallback
                0x000000000800219c        0x4 Drivers/STM32L4xx_HAL_Driver/Src/stm32l4xx_hal_tim.o
                0x000000000800219c                HAL_TIM_OC_DelayElapsedCallback
 .text.HAL_TIM_IC_CaptureCallback
                0x00000000080021a0        0x4 Drivers/STM32L4xx_HAL_Driver/Src/stm32l4xx_hal_tim.o
                0x00000000080021a0                HAL_TIM_IC_CaptureCallback
 .text.HAL_TIM_PWM_PulseFinishedCallback
                0x00000000080021a4        0x4 Drivers/STM32L4xx_HAL_Driver/Src/stm32l4xx_hal_tim.o
                0x00000000080021a4                HAL_TIM_PWM_PulseFinishedCallback
 .text.HAL_TIM_TriggerCallback
                0x00000000080021a8        0x4 Drivers/STM32L4xx_HAL_Driver/Src/stm32l4xx_hal_tim.o
                0x00000000080021a8                HAL_TIM_TriggerCallback
 .text.HAL_TIM_IRQHandler
                0x00000000080021ac      0x174 Drivers/STM32L4xx_HAL_Driver/Src/stm32l4xx_hal_tim.o
                0x00000000080021ac                HAL_TIM_IRQHandler
 .text.TIM_Base_SetConfig
                0x0000000008002320       0x68 Drivers/STM32L4xx_HAL_Driver/Src/stm32l4xx_hal_tim.o
                0x0000000008002320                TIM_Base_SetConfig
 .text.HAL_TIM_Base_Init
                0x0000000008002388       0x38 Drivers/STM32L4xx_HAL_Driver/Src/stm32l4xx_hal_tim.o
                0x0000000008002388                HAL_TIM_Base_Init
 .text.HAL_TIMEx_CommutationCallback
                0x00000000080023c0        0x4 Drivers/STM32L4xx_HAL_Driver/Src/stm32l4xx_hal_tim_ex.o
                0x00000000080023c0                HAL_TIMEx_CommutationCallback
 .text.HAL_TIMEx_BreakCallback
                0x00000000080023c4        0x4 Drivers/STM32L4xx_HAL_Driver/Src/stm32l4xx_hal_tim_ex.o
                0x00000000080023c4                HAL_TIMEx_BreakCallback
 .text.UART_EndTxTransfer
                0x00000000080023c8       0x14 Drivers/STM32L4xx_HAL_Driver/Src/stm32l4xx_hal_uart.o
 .text.UART_EndRxTransfer
                0x00000000080023dc       0x1c Drivers/STM32L4xx_HAL_Driver/Src/stm32l4xx_hal_uart.o
 .text.UART_Transmit_IT
                0x00000000080023f8       0x6c Drivers/STM32L4xx_HAL_Driver/Src/stm32l4xx_hal_uart.o
 .text.HAL_UART_Transmit_DMA
                0x0000000008002464       0x90 Drivers/STM32L4xx_HAL_Driver/Src/stm32l4xx_hal_uart.o
                0x0000000008002464                HAL_UART_Transmit_DMA
 .text.HAL_UART_Receive_DMA
                0x00000000080024f4       0x9c Drivers/STM32L4xx_HAL_Driver/Src/stm32l4xx_hal_uart.o
                0x00000000080024f4                HAL_UART_Receive_DMA
 .text.UART_DMATransmitCplt
                0x0000000008002590       0x34 Drivers/STM32L4xx_HAL_Driver/Src/stm32l4xx_hal_uart.o
 .text.UART_EndTransmit_IT
                0x00000000080025c4       0x1c Drivers/STM32L4xx_HAL_Driver/Src/stm32l4xx_hal_uart.o
 .text.HAL_UART_TxHalfCpltCallback
                0x00000000080025e0        0x4 Drivers/STM32L4xx_HAL_Driver/Src/stm32l4xx_hal_uart.o
                0x00000000080025e0                HAL_UART_TxHalfCpltCallback
 .text.UART_DMATxHalfCplt
                0x00000000080025e4        0xc Drivers/STM32L4xx_HAL_Driver/Src/stm32l4xx_hal_uart.o
 .text.UART_DMAReceiveCplt
                0x00000000080025f0       0x40 Drivers/STM32L4xx_HAL_Driver/Src/stm32l4xx_hal_uart.o
 .text.UART_Receive_IT
                0x0000000008002630       0x84 Drivers/STM32L4xx_HAL_Driver/Src/stm32l4xx_hal_uart.o
 .text.HAL_UART_RxHalfCpltCallback
                0x00000000080026b4        0x4 Drivers/STM32L4xx_HAL_Driver/Src/stm32l4xx_hal_uart.o
                0x00000000080026b4                HAL_UART_RxHalfCpltCallback
 .text.UART_DMARxHalfCplt
                0x00000000080026b8        0xc Drivers/STM32L4xx_HAL_Driver/Src/stm32l4xx_hal_uart.o
 .text.HAL_UART_ErrorCallback
                0x00000000080026c4        0x4 Drivers/STM32L4xx_HAL_Driver/Src/stm32l4xx_hal_uart.o
                0x00000000080026c4                HAL_UART_ErrorCallback
 .text.UART_DMAError
                0x00000000080026c8       0x54 Drivers/STM32L4xx_HAL_Driver/Src/stm32l4xx_hal_uart.o
 .text.HAL_UART_IRQHandler
                0x000000000800271c      0x15c Drivers/STM32L4xx_HAL_Driver/Src/stm32l4xx_hal_uart.o
                0x000000000800271c                HAL_UART_IRQHandler
 .text.UART_DMAAbortOnError
                0x0000000008002878       0x14 Drivers/STM32L4xx_HAL_Driver/Src/stm32l4xx_hal_uart.o
 .text.HAL_UART_GetState
                0x000000000800288c        0xc Drivers/STM32L4xx_HAL_Driver/Src/stm32l4xx_hal_uart.o
                0x000000000800288c                HAL_UART_GetState
 .text.UART_SetConfig
                0x0000000008002898      0x324 Drivers/STM32L4xx_HAL_Driver/Src/stm32l4xx_hal_uart.o
                0x0000000008002898                UART_SetConfig
 .text.UART_AdvFeatureConfig
                0x0000000008002bbc       0xc8 Drivers/STM32L4xx_HAL_Driver/Src/stm32l4xx_hal_uart.o
                0x0000000008002bbc                UART_AdvFeatureConfig
 .text.UART_WaitOnFlagUntilTimeout
                0x0000000008002c84       0x68 Drivers/STM32L4xx_HAL_Driver/Src/stm32l4xx_hal_uart.o
                0x0000000008002c84                UART_WaitOnFlagUntilTimeout
 .text.UART_CheckIdleState
                0x0000000008002cec       0x6c Drivers/STM32L4xx_HAL_Driver/Src/stm32l4xx_hal_uart.o
                0x0000000008002cec                UART_CheckIdleState
 .text.HAL_UART_Init
                0x0000000008002d58       0x6c Drivers/STM32L4xx_HAL_Driver/Src/stm32l4xx_hal_uart.o
                0x0000000008002d58                HAL_UART_Init
 .text.HAL_UARTEx_WakeupCallback
                0x0000000008002dc4        0x4 Drivers/STM32L4xx_HAL_Driver/Src/stm32l4xx_hal_uart_ex.o
                0x0000000008002dc4                HAL_UARTEx_WakeupCallback
 .text.HAL_WWDG_Init
                0x0000000008002dc8       0x2c Drivers/STM32L4xx_HAL_Driver/Src/stm32l4xx_hal_wwdg.o
                0x0000000008002dc8                HAL_WWDG_Init
 .text.HAL_WWDG_Refresh
                0x0000000008002df4        0xc Drivers/STM32L4xx_HAL_Driver/Src/stm32l4xx_hal_wwdg.o
                0x0000000008002df4                HAL_WWDG_Refresh
 .text.makeFreeRtosPriority
                0x0000000008002e00        0xc Middlewares/Third_Party/FreeRTOS/Source/CMSIS_RTOS/cmsis_os.o
 .text.inHandlerMode
                0x0000000008002e0c        0xc Middlewares/Third_Party/FreeRTOS/Source/CMSIS_RTOS/cmsis_os.o
 .text.osKernelStart
                0x0000000008002e18        0xc Middlewares/Third_Party/FreeRTOS/Source/CMSIS_RTOS/cmsis_os.o
                0x0000000008002e18                osKernelStart
 .text.osThreadCreate
                0x0000000008002e24       0x34 Middlewares/Third_Party/FreeRTOS/Source/CMSIS_RTOS/cmsis_os.o
                0x0000000008002e24                osThreadCreate
 .text.osDelay  0x0000000008002e58       0x10 Middlewares/Third_Party/FreeRTOS/Source/CMSIS_RTOS/cmsis_os.o
                0x0000000008002e58                osDelay
 .text.osTimerCreate
                0x0000000008002e68       0x28 Middlewares/Third_Party/FreeRTOS/Source/CMSIS_RTOS/cmsis_os.o
                0x0000000008002e68                osTimerCreate
 .text.osTimerStart
                0x0000000008002e90       0x6c Middlewares/Third_Party/FreeRTOS/Source/CMSIS_RTOS/cmsis_os.o
                0x0000000008002e90                osTimerStart
 .text.osMutexCreate
                0x0000000008002efc        0xc Middlewares/Third_Party/FreeRTOS/Source/CMSIS_RTOS/cmsis_os.o
                0x0000000008002efc                osMutexCreate
 .text.osMessageCreate
                0x0000000008002f08       0x10 Middlewares/Third_Party/FreeRTOS/Source/CMSIS_RTOS/cmsis_os.o
                0x0000000008002f08                osMessageCreate
 .text.osSystickHandler
                0x0000000008002f18       0x10 Middlewares/Third_Party/FreeRTOS/Source/CMSIS_RTOS/cmsis_os.o
                0x0000000008002f18                osSystickHandler
 .text.vListInitialise
                0x0000000008002f28       0x18 Middlewares/Third_Party/FreeRTOS/Source/list.o
                0x0000000008002f28                vListInitialise
 .text.vListInitialiseItem
                0x0000000008002f40        0x8 Middlewares/Third_Party/FreeRTOS/Source/list.o
                0x0000000008002f40                vListInitialiseItem
 .text.vListInsertEnd
                0x0000000008002f48       0x18 Middlewares/Third_Party/FreeRTOS/Source/list.o
                0x0000000008002f48                vListInsertEnd
 .text.vListInsert
                0x0000000008002f60       0x34 Middlewares/Third_Party/FreeRTOS/Source/list.o
                0x0000000008002f60                vListInsert
 .text.uxListRemove
                0x0000000008002f94       0x24 Middlewares/Third_Party/FreeRTOS/Source/list.o
                0x0000000008002f94                uxListRemove
 .text.prvIsQueueFull
                0x0000000008002fb8       0x20 Middlewares/Third_Party/FreeRTOS/Source/queue.o
 .text.prvIsQueueEmpty
                0x0000000008002fd8       0x1c Middlewares/Third_Party/FreeRTOS/Source/queue.o
 .text.prvCopyDataToQueue
                0x0000000008002ff4       0x78 Middlewares/Third_Party/FreeRTOS/Source/queue.o
 .text.prvCopyDataFromQueue
                0x000000000800306c       0x24 Middlewares/Third_Party/FreeRTOS/Source/queue.o
 .text.prvUnlockQueue
                0x0000000008003090       0x68 Middlewares/Third_Party/FreeRTOS/Source/queue.o
 .text.xQueueGenericReset
                0x00000000080030f8       0x80 Middlewares/Third_Party/FreeRTOS/Source/queue.o
                0x00000000080030f8                xQueueGenericReset
 .text.prvInitialiseNewQueue
                0x0000000008003178       0x1c Middlewares/Third_Party/FreeRTOS/Source/queue.o
 .text.xQueueGenericCreate
                0x0000000008003194       0x4c Middlewares/Third_Party/FreeRTOS/Source/queue.o
                0x0000000008003194                xQueueGenericCreate
 .text.xQueueGenericSend
                0x00000000080031e0      0x190 Middlewares/Third_Party/FreeRTOS/Source/queue.o
                0x00000000080031e0                xQueueGenericSend
 .text.prvInitialiseMutex
                0x0000000008003370       0x18 Middlewares/Third_Party/FreeRTOS/Source/queue.o
 .text.xQueueCreateMutex
                0x0000000008003388       0x18 Middlewares/Third_Party/FreeRTOS/Source/queue.o
                0x0000000008003388                xQueueCreateMutex
 .text.xQueueGenericSendFromISR
                0x00000000080033a0       0xe4 Middlewares/Third_Party/FreeRTOS/Source/queue.o
                0x00000000080033a0                xQueueGenericSendFromISR
 .text.xQueueGenericReceive
                0x0000000008003484      0x1a0 Middlewares/Third_Party/FreeRTOS/Source/queue.o
                0x0000000008003484                xQueueGenericReceive
 .text.xQueueReceiveFromISR
                0x0000000008003624       0xb8 Middlewares/Third_Party/FreeRTOS/Source/queue.o
                0x0000000008003624                xQueueReceiveFromISR
 .text.uxQueueMessagesWaiting
                0x00000000080036dc       0x28 Middlewares/Third_Party/FreeRTOS/Source/queue.o
                0x00000000080036dc                uxQueueMessagesWaiting
 .text.uxQueueMessagesWaitingFromISR
                0x0000000008003704       0x18 Middlewares/Third_Party/FreeRTOS/Source/queue.o
                0x0000000008003704                uxQueueMessagesWaitingFromISR
 .text.vQueueAddToRegistry
                0x000000000800371c       0x28 Middlewares/Third_Party/FreeRTOS/Source/queue.o
                0x000000000800371c                vQueueAddToRegistry
 .text.vQueueWaitForMessageRestricted
                0x0000000008003744       0x4c Middlewares/Third_Party/FreeRTOS/Source/queue.o
                0x0000000008003744                vQueueWaitForMessageRestricted
 .text.prvResetNextTaskUnblockTime
                0x0000000008003790       0x2c Middlewares/Third_Party/FreeRTOS/Source/tasks.o
 .text.prvDeleteTCB
                0x00000000080037bc       0x14 Middlewares/Third_Party/FreeRTOS/Source/tasks.o
 .text.prvInitialiseNewTask
                0x00000000080037d0       0x8c Middlewares/Third_Party/FreeRTOS/Source/tasks.o
 .text.prvInitialiseTaskLists
                0x000000000800385c       0x58 Middlewares/Third_Party/FreeRTOS/Source/tasks.o
 .text.prvAddNewTaskToReadyList
                0x00000000080038b4       0xac Middlewares/Third_Party/FreeRTOS/Source/tasks.o
 .text.prvAddCurrentTaskToDelayedList
                0x0000000008003960       0x84 Middlewares/Third_Party/FreeRTOS/Source/tasks.o
 .text.xTaskCreate
                0x00000000080039e4       0x64 Middlewares/Third_Party/FreeRTOS/Source/tasks.o
                0x00000000080039e4                xTaskCreate
 .text.vTaskStartScheduler
                0x0000000008003a48       0x7c Middlewares/Third_Party/FreeRTOS/Source/tasks.o
                0x0000000008003a48                vTaskStartScheduler
 .text.vTaskSuspendAll
                0x0000000008003ac4       0x14 Middlewares/Third_Party/FreeRTOS/Source/tasks.o
                0x0000000008003ac4                vTaskSuspendAll
 .text.xTaskGetTickCount
                0x0000000008003ad8        0xc Middlewares/Third_Party/FreeRTOS/Source/tasks.o
                0x0000000008003ad8                xTaskGetTickCount
 .text.xTaskIncrementTick
                0x0000000008003ae4      0x118 Middlewares/Third_Party/FreeRTOS/Source/tasks.o
                0x0000000008003ae4                xTaskIncrementTick
 .text.xTaskResumeAll
                0x0000000008003bfc       0xf4 Middlewares/Third_Party/FreeRTOS/Source/tasks.o
                0x0000000008003bfc                xTaskResumeAll
 .text.vTaskDelay
                0x0000000008003cf0       0x50 Middlewares/Third_Party/FreeRTOS/Source/tasks.o
                0x0000000008003cf0                vTaskDelay
 .text.prvCheckTasksWaitingTermination
                0x0000000008003d40       0x54 Middlewares/Third_Party/FreeRTOS/Source/tasks.o
 .text.prvIdleTask
                0x0000000008003d94       0x28 Middlewares/Third_Party/FreeRTOS/Source/tasks.o
 .text.vTaskSwitchContext
                0x0000000008003dbc       0xc4 Middlewares/Third_Party/FreeRTOS/Source/tasks.o
                0x0000000008003dbc                vTaskSwitchContext
 .text.vTaskPlaceOnEventList
                0x0000000008003e80       0x34 Middlewares/Third_Party/FreeRTOS/Source/tasks.o
                0x0000000008003e80                vTaskPlaceOnEventList
 .text.vTaskPlaceOnEventListRestricted
                0x0000000008003eb4       0x3c Middlewares/Third_Party/FreeRTOS/Source/tasks.o
                0x0000000008003eb4                vTaskPlaceOnEventListRestricted
 .text.xTaskRemoveFromEventList
                0x0000000008003ef0       0x88 Middlewares/Third_Party/FreeRTOS/Source/tasks.o
                0x0000000008003ef0                xTaskRemoveFromEventList
 .text.vTaskSetTimeOutState
                0x0000000008003f78       0x28 Middlewares/Third_Party/FreeRTOS/Source/tasks.o
                0x0000000008003f78                vTaskSetTimeOutState
 .text.xTaskCheckForTimeOut
                0x0000000008003fa0       0x80 Middlewares/Third_Party/FreeRTOS/Source/tasks.o
                0x0000000008003fa0                xTaskCheckForTimeOut
 .text.vTaskMissedYield
                0x0000000008004020       0x10 Middlewares/Third_Party/FreeRTOS/Source/tasks.o
                0x0000000008004020                vTaskMissedYield
 .text.xTaskGetSchedulerState
                0x0000000008004030       0x20 Middlewares/Third_Party/FreeRTOS/Source/tasks.o
                0x0000000008004030                xTaskGetSchedulerState
 .text.vTaskPriorityInherit
                0x0000000008004050       0xb4 Middlewares/Third_Party/FreeRTOS/Source/tasks.o
                0x0000000008004050                vTaskPriorityInherit
 .text.xTaskPriorityDisinherit
                0x0000000008004104       0xb8 Middlewares/Third_Party/FreeRTOS/Source/tasks.o
                0x0000000008004104                xTaskPriorityDisinherit
 .text.pvTaskIncrementMutexHeldCount
                0x00000000080041bc       0x20 Middlewares/Third_Party/FreeRTOS/Source/tasks.o
                0x00000000080041bc                pvTaskIncrementMutexHeldCount
 .text.prvGetNextExpireTime
                0x00000000080041dc       0x20 Middlewares/Third_Party/FreeRTOS/Source/timers.o
 .text.prvInsertTimerInActiveList
                0x00000000080041fc       0x44 Middlewares/Third_Party/FreeRTOS/Source/timers.o
 .text.prvCheckForValidListAndQueue
                0x0000000008004240       0x48 Middlewares/Third_Party/FreeRTOS/Source/timers.o
 .text.prvInitialiseNewTimer
                0x0000000008004288       0x40 Middlewares/Third_Party/FreeRTOS/Source/timers.o
 .text.xTimerCreateTimerTask
                0x00000000080042c8       0x54 Middlewares/Third_Party/FreeRTOS/Source/timers.o
                0x00000000080042c8                xTimerCreateTimerTask
 .text.xTimerCreate
                0x000000000800431c       0x34 Middlewares/Third_Party/FreeRTOS/Source/timers.o
                0x000000000800431c                xTimerCreate
 .text.xTimerGenericCommand
                0x0000000008004350       0x6c Middlewares/Third_Party/FreeRTOS/Source/timers.o
                0x0000000008004350                xTimerGenericCommand
 .text.prvSwitchTimerLists
                0x00000000080043bc       0x74 Middlewares/Third_Party/FreeRTOS/Source/timers.o
 .text.prvSampleTimeNow
                0x0000000008004430       0x2c Middlewares/Third_Party/FreeRTOS/Source/timers.o
 .text.prvProcessExpiredTimer
                0x000000000800445c       0x5c Middlewares/Third_Party/FreeRTOS/Source/timers.o
 .text.prvProcessTimerOrBlockTask
                0x00000000080044b8       0x70 Middlewares/Third_Party/FreeRTOS/Source/timers.o
 .text.prvProcessReceivedCommands
                0x0000000008004528       0xbc Middlewares/Third_Party/FreeRTOS/Source/timers.o
 .text.prvTimerTask
                0x00000000080045e4       0x18 Middlewares/Third_Party/FreeRTOS/Source/timers.o
 .text.prvTaskExitError
                0x00000000080045fc       0x34 Middlewares/Third_Party/FreeRTOS/Source/portable/GCC/ARM_CM4F/port.o
 .text.prvPortStartFirstTask
                0x0000000008004630       0x20 Middlewares/Third_Party/FreeRTOS/Source/portable/GCC/ARM_CM4F/port.o
 .text.vPortEnableVFP
                0x0000000008004650       0x14 Middlewares/Third_Party/FreeRTOS/Source/portable/GCC/ARM_CM4F/port.o
 .text.pxPortInitialiseStack
                0x0000000008004664       0x2c Middlewares/Third_Party/FreeRTOS/Source/portable/GCC/ARM_CM4F/port.o
                0x0000000008004664                pxPortInitialiseStack
 .text.SVC_Handler
                0x0000000008004690       0x24 Middlewares/Third_Party/FreeRTOS/Source/portable/GCC/ARM_CM4F/port.o
                0x0000000008004690                SVC_Handler
 .text.vPortEnterCritical
                0x00000000080046b4       0x44 Middlewares/Third_Party/FreeRTOS/Source/portable/GCC/ARM_CM4F/port.o
                0x00000000080046b4                vPortEnterCritical
 .text.vPortExitCritical
                0x00000000080046f8       0x2c Middlewares/Third_Party/FreeRTOS/Source/portable/GCC/ARM_CM4F/port.o
                0x00000000080046f8                vPortExitCritical
 *fill*         0x0000000008004724        0xc 
 .text.PendSV_Handler
                0x0000000008004730       0x64 Middlewares/Third_Party/FreeRTOS/Source/portable/GCC/ARM_CM4F/port.o
                0x0000000008004730                PendSV_Handler
 .text.xPortSysTickHandler
                0x0000000008004794       0x2c Middlewares/Third_Party/FreeRTOS/Source/portable/GCC/ARM_CM4F/port.o
                0x0000000008004794                xPortSysTickHandler
 .text.vPortSetupTimerInterrupt
                0x00000000080047c0       0x2c Middlewares/Third_Party/FreeRTOS/Source/portable/GCC/ARM_CM4F/port.o
                0x00000000080047c0                vPortSetupTimerInterrupt
 .text.xPortStartScheduler
                0x00000000080047ec       0xe8 Middlewares/Third_Party/FreeRTOS/Source/portable/GCC/ARM_CM4F/port.o
                0x00000000080047ec                xPortStartScheduler
 .text.vPortValidateInterruptPriority
                0x00000000080048d4       0x58 Middlewares/Third_Party/FreeRTOS/Source/portable/GCC/ARM_CM4F/port.o
                0x00000000080048d4                vPortValidateInterruptPriority
 .text.prvHeapInit
                0x000000000800492c       0x5c Middlewares/Third_Party/FreeRTOS/Source/portable/MemMang/heap_4.o
 .text.prvInsertBlockIntoFreeList
                0x0000000008004988       0x58 Middlewares/Third_Party/FreeRTOS/Source/portable/MemMang/heap_4.o
 .text.pvPortMalloc
                0x00000000080049e0      0x110 Middlewares/Third_Party/FreeRTOS/Source/portable/MemMang/heap_4.o
                0x00000000080049e0                pvPortMalloc
 .text.vPortFree
                0x0000000008004af0       0x78 Middlewares/Third_Party/FreeRTOS/Source/portable/MemMang/heap_4.o
                0x0000000008004af0                vPortFree
 .text.empty    0x0000000008004b68        0x4 Src/can.o
 .text.bxCan_begin
                0x0000000008004b6c       0x2c Src/can.o
                0x0000000008004b6c                bxCan_begin
 .text.bxCan_addMaskedFilterStd
                0x0000000008004b98      0x154 Src/can.o
                0x0000000008004b98                bxCan_addMaskedFilterStd
 .text.bxCan_addMaskedFilterExt
                0x0000000008004cec       0xb0 Src/can.o
                0x0000000008004cec                bxCan_addMaskedFilterExt
 .text.bxCan_addFilterStd
                0x0000000008004d9c      0x13c Src/can.o
                0x0000000008004d9c                bxCan_addFilterStd
 .text.bxCan_addFilterExt
                0x0000000008004ed8      0x144 Src/can.o
                0x0000000008004ed8                bxCan_addFilterExt
 .text.bxCan_getFilter
                0x000000000800501c      0x24c Src/can.o
                0x000000000800501c                bxCan_getFilter
 .text.bxCan_removeFilter
                0x0000000008005268       0x6c Src/can.o
                0x0000000008005268                bxCan_removeFilter
 .text.bxCan_getFilterNum
                0x00000000080052d4       0x30 Src/can.o
                0x00000000080052d4                bxCan_getFilterNum
 .text.Can_availableForTx
                0x0000000008005304       0x28 Src/can.o
                0x0000000008005304                Can_availableForTx
 .text.bxCanDoTx
                0x000000000800532c       0xd4 Src/can.o
                0x000000000800532c                bxCanDoTx
 .text.bxCan_sendFrame
                0x0000000008005400       0x24 Src/can.o
                0x0000000008005400                bxCan_sendFrame
 .text.HAL_CAN_TxCpltCallback
                0x0000000008005424       0x1c Src/can.o
                0x0000000008005424                HAL_CAN_TxCpltCallback
 .text.HAL_CAN_RxCpltCallback
                0x0000000008005440       0x80 Src/can.o
                0x0000000008005440                HAL_CAN_RxCpltCallback
 .text.HAL_CAN_ErrorCallback
                0x00000000080054c0       0x14 Src/can.o
                0x00000000080054c0                HAL_CAN_ErrorCallback
 .text.bxCan_setTxCallback
                0x00000000080054d4        0xc Src/can.o
                0x00000000080054d4                bxCan_setTxCallback
 .text.bxCan_setErrCallback
                0x00000000080054e0        0xc Src/can.o
                0x00000000080054e0                bxCan_setErrCallback
 .text.vApplicationStackOverflowHook
                0x00000000080054ec        0x4 Src/freertos.o
                0x00000000080054ec                vApplicationStackOverflowHook
 .text.vApplicationMallocFailedHook
                0x00000000080054f0        0x4 Src/freertos.o
                0x00000000080054f0                vApplicationMallocFailedHook
 .text.cantxcb  0x00000000080054f4       0x10 Src/main.o
                0x00000000080054f4                cantxcb
 .text.canercb  0x0000000008005504        0xc Src/main.o
                0x0000000008005504                canercb
 .text.waitTilAvail
                0x0000000008005510       0x18 Src/main.o
 .text.MX_GPIO_Init
                0x0000000008005528       0xac Src/main.o
 .text.MX_DMA_Init
                0x00000000080055d4       0x44 Src/main.o
 .text.TmrKickDog
                0x0000000008005618       0x18 Src/main.o
                0x0000000008005618                TmrKickDog
 .text.notifySuccess
                0x0000000008005630       0x30 Src/main.o
                0x0000000008005630                notifySuccess
 .text.notifyFail
                0x0000000008005660       0x30 Src/main.o
                0x0000000008005660                notifyFail
 .text.toHex    0x0000000008005690       0x10 Src/main.o
                0x0000000008005690                toHex
 .text.fromHex  0x00000000080056a0       0x34 Src/main.o
                0x00000000080056a0                fromHex
 .text.intToDec
                0x00000000080056d4       0x70 Src/main.o
                0x00000000080056d4                intToDec
 .text.intToHex
                0x0000000008005744       0x2c Src/main.o
                0x0000000008005744                intToHex
 .text.doProcessCan
                0x0000000008005770      0x158 Src/main.o
                0x0000000008005770                doProcessCan
 .text.logError
                0x00000000080058c8       0xc8 Src/main.o
                0x00000000080058c8                logError
 .text.doHousekeeping
                0x0000000008005990       0xa0 Src/main.o
                0x0000000008005990                doHousekeeping
 .text.parseFilter
                0x0000000008005a30      0x1ac Src/main.o
                0x0000000008005a30                parseFilter
 .text.parseFrame
                0x0000000008005bdc      0x140 Src/main.o
                0x0000000008005bdc                parseFrame
 .text.displayHelp
                0x0000000008005d1c       0x34 Src/main.o
                0x0000000008005d1c                displayHelp
 .text.listFilters
                0x0000000008005d50      0x1d0 Src/main.o
                0x0000000008005d50                listFilters
 .text.deleteFilter
                0x0000000008005f20       0x7c Src/main.o
                0x0000000008005f20                deleteFilter
 .text.doProcessUart
                0x0000000008005f9c       0xcc Src/main.o
                0x0000000008005f9c                doProcessUart
 .text.HAL_TIM_PeriodElapsedCallback
                0x0000000008006068       0x14 Src/main.o
                0x0000000008006068                HAL_TIM_PeriodElapsedCallback
 .text.Error_Handler
                0x000000000800607c        0x4 Src/main.o
                0x000000000800607c                Error_Handler
 .text.MX_CAN1_Init
                0x0000000008006080       0x40 Src/main.o
 .text.MX_USART2_UART_Init
                0x00000000080060c0       0x38 Src/main.o
 .text.MX_WWDG_Init
                0x00000000080060f8       0x2c Src/main.o
 .text.SystemClock_Config
                0x0000000008006124       0xa0 Src/main.o
                0x0000000008006124                SystemClock_Config
 .text.main     0x00000000080061c4      0x158 Src/main.o
                0x00000000080061c4                main
 .text.Serial2_getHead
                0x000000000800631c       0x18 Src/serial.o
 .text.Serial2_available_tx
                0x0000000008006334       0x40 Src/serial.o
 .text.Serial2_dequeue_tx
                0x0000000008006374       0x2c Src/serial.o
 .text.doTx     0x00000000080063a0       0x54 Src/serial.o
 .text.Serial2_begin
                0x00000000080063f4       0x18 Src/serial.o
                0x00000000080063f4                Serial2_begin
 .text.HAL_UART_RxCpltCallback
                0x000000000800640c       0x18 Src/serial.o
                0x000000000800640c                HAL_UART_RxCpltCallback
 .text.Serial2_available
                0x0000000008006424       0x44 Src/serial.o
                0x0000000008006424                Serial2_available
 .text.Serial2_read
                0x0000000008006468       0x40 Src/serial.o
                0x0000000008006468                Serial2_read
 .text.Serial2_availableForWrite
                0x00000000080064a8       0x20 Src/serial.o
                0x00000000080064a8                Serial2_availableForWrite
 .text.HAL_UART_TxCpltCallback
                0x00000000080064c8       0x18 Src/serial.o
                0x00000000080064c8                HAL_UART_TxCpltCallback
 .text.Serial2_writeBytes
                0x00000000080064e0       0x90 Src/serial.o
                0x00000000080064e0                Serial2_writeBytes
 .text.Serial2_write
                0x0000000008006570       0x18 Src/serial.o
                0x0000000008006570                Serial2_write
 .text.HAL_MspInit
                0x0000000008006588       0x90 Src/stm32l4xx_hal_msp.o
                0x0000000008006588                HAL_MspInit
 .text.HAL_CAN_MspInit
                0x0000000008006618       0x8c Src/stm32l4xx_hal_msp.o
                0x0000000008006618                HAL_CAN_MspInit
 .text.HAL_UART_MspInit
                0x00000000080066a4       0xe8 Src/stm32l4xx_hal_msp.o
                0x00000000080066a4                HAL_UART_MspInit
 .text.HAL_WWDG_MspInit
                0x000000000800678c       0x28 Src/stm32l4xx_hal_msp.o
                0x000000000800678c                HAL_WWDG_MspInit
 .text.HAL_InitTick
                0x00000000080067b4       0x78 Src/stm32l4xx_hal_timebase_TIM.o
                0x00000000080067b4                HAL_InitTick
 .text.SysTick_Handler
                0x000000000800682c        0x8 Src/stm32l4xx_it.o
                0x000000000800682c                SysTick_Handler
 .text.DMA1_Channel6_IRQHandler
                0x0000000008006834       0x10 Src/stm32l4xx_it.o
                0x0000000008006834                DMA1_Channel6_IRQHandler
 .text.DMA1_Channel7_IRQHandler
                0x0000000008006844       0x10 Src/stm32l4xx_it.o
                0x0000000008006844                DMA1_Channel7_IRQHandler
 .text.CAN1_TX_IRQHandler
                0x0000000008006854       0x10 Src/stm32l4xx_it.o
                0x0000000008006854                CAN1_TX_IRQHandler
 .text.CAN1_RX0_IRQHandler
                0x0000000008006864       0x10 Src/stm32l4xx_it.o
                0x0000000008006864                CAN1_RX0_IRQHandler
 .text.CAN1_RX1_IRQHandler
                0x0000000008006874       0x10 Src/stm32l4xx_it.o
                0x0000000008006874                CAN1_RX1_IRQHandler
 .text.CAN1_SCE_IRQHandler
                0x0000000008006884       0x10 Src/stm32l4xx_it.o
                0x0000000008006884                CAN1_SCE_IRQHandler
 .text.USART2_IRQHandler
                0x0000000008006894       0x10 Src/stm32l4xx_it.o
                0x0000000008006894                USART2_IRQHandler
 .text.TIM6_DAC_IRQHandler
                0x00000000080068a4       0x10 Src/stm32l4xx_it.o
                0x00000000080068a4                TIM6_DAC_IRQHandler
 .text.SystemInit
                0x00000000080068b4       0x48 Src/system_stm32l4xx.o
                0x00000000080068b4                SystemInit
 .text.Reset_Handler
                0x00000000080068fc       0x50 startup/startup_stm32l432xx.o
                0x00000000080068fc                Reset_Handler
 .text.Default_Handler
                0x000000000800694c        0x2 startup/startup_stm32l432xx.o
                0x000000000800694c                TIM1_BRK_TIM15_IRQHandler
                0x000000000800694c                EXTI2_IRQHandler
                0x000000000800694c                DebugMon_Handler
                0x000000000800694c                TIM1_CC_IRQHandler
                0x000000000800694c                TSC_IRQHandler
                0x000000000800694c                HardFault_Handler
                0x000000000800694c                TAMP_STAMP_IRQHandler
                0x000000000800694c                NMI_Handler
                0x000000000800694c                EXTI3_IRQHandler
                0x000000000800694c                LPTIM2_IRQHandler
                0x000000000800694c                I2C3_ER_IRQHandler
                0x000000000800694c                EXTI0_IRQHandler
                0x000000000800694c                FPU_IRQHandler
                0x000000000800694c                TIM1_UP_TIM16_IRQHandler
                0x000000000800694c                UsageFault_Handler
                0x000000000800694c                SPI1_IRQHandler
                0x000000000800694c                DMA2_Channel2_IRQHandler
                0x000000000800694c                DMA1_Channel4_IRQHandler
                0x000000000800694c                ADC1_IRQHandler
                0x000000000800694c                DMA2_Channel1_IRQHandler
                0x000000000800694c                QUADSPI_IRQHandler
                0x000000000800694c                I2C1_EV_IRQHandler
                0x000000000800694c                DMA2_Channel4_IRQHandler
                0x000000000800694c                RCC_IRQHandler
                0x000000000800694c                TIM1_TRG_COM_IRQHandler
                0x000000000800694c                DMA1_Channel1_IRQHandler
                0x000000000800694c                Default_Handler
                0x000000000800694c                DMA2_Channel7_IRQHandler
                0x000000000800694c                EXTI15_10_IRQHandler
                0x000000000800694c                TIM7_IRQHandler
                0x000000000800694c                I2C3_EV_IRQHandler
                0x000000000800694c                USB_IRQHandler
                0x000000000800694c                EXTI9_5_IRQHandler
                0x000000000800694c                RTC_WKUP_IRQHandler
                0x000000000800694c                PVD_PVM_IRQHandler
                0x000000000800694c                MemManage_Handler
                0x000000000800694c                DMA2_Channel5_IRQHandler
                0x000000000800694c                CRS_IRQHandler
                0x000000000800694c                DMA1_Channel5_IRQHandler
                0x000000000800694c                EXTI4_IRQHandler
                0x000000000800694c                RNG_IRQHandler
                0x000000000800694c                DMA1_Channel3_IRQHandler
                0x000000000800694c                COMP_IRQHandler
                0x000000000800694c                WWDG_IRQHandler
                0x000000000800694c                LPUART1_IRQHandler
                0x000000000800694c                DMA2_Channel6_IRQHandler
                0x000000000800694c                TIM2_IRQHandler
                0x000000000800694c                EXTI1_IRQHandler
                0x000000000800694c                DMA1_Channel2_IRQHandler
                0x000000000800694c                FLASH_IRQHandler
                0x000000000800694c                BusFault_Handler
                0x000000000800694c                USART1_IRQHandler
                0x000000000800694c                SPI3_IRQHandler
                0x000000000800694c                I2C1_ER_IRQHandler
                0x000000000800694c                SWPMI1_IRQHandler
                0x000000000800694c                LPTIM1_IRQHandler
                0x000000000800694c                SAI1_IRQHandler
                0x000000000800694c                DMA2_Channel3_IRQHandler
                0x000000000800694c                RTC_Alarm_IRQHandler
 *fill*         0x000000000800694e        0x2 
 .text.__libc_init_array
                0x0000000008006950       0x4c /Applications/Ac6/SystemWorkbench.app/Contents/Eclipse/plugins/fr.ac6.mcu.externaltools.arm-none.macos64_1.13.1.201703061524/tools/compiler/bin/../lib/gcc/arm-none-eabi/5.4.1/../../../../arm-none-eabi/lib/armv7e-m/fpu/libc_nano.a(lib_a-init.o)
                0x0000000008006950                __libc_init_array
 .text.memcpy   0x000000000800699c       0x16 /Applications/Ac6/SystemWorkbench.app/Contents/Eclipse/plugins/fr.ac6.mcu.externaltools.arm-none.macos64_1.13.1.201703061524/tools/compiler/bin/../lib/gcc/arm-none-eabi/5.4.1/../../../../arm-none-eabi/lib/armv7e-m/fpu/libc_nano.a(lib_a-memcpy-stub.o)
                0x000000000800699c                memcpy
 .text.memset   0x00000000080069b2       0x10 /Applications/Ac6/SystemWorkbench.app/Contents/Eclipse/plugins/fr.ac6.mcu.externaltools.arm-none.macos64_1.13.1.201703061524/tools/compiler/bin/../lib/gcc/arm-none-eabi/5.4.1/../../../../arm-none-eabi/lib/armv7e-m/fpu/libc_nano.a(lib_a-memset.o)
                0x00000000080069b2                memset
 *(.glue_7)
 .glue_7        0x00000000080069c2        0x0 linker stubs
 *(.glue_7t)
 .glue_7t       0x00000000080069c2        0x0 linker stubs
 *(.eh_frame)
 *fill*         0x00000000080069c2        0x2 
 .eh_frame      0x00000000080069c4        0x0 /Applications/Ac6/SystemWorkbench.app/Contents/Eclipse/plugins/fr.ac6.mcu.externaltools.arm-none.macos64_1.13.1.201703061524/tools/compiler/bin/../lib/gcc/arm-none-eabi/5.4.1/armv7e-m/fpu/crtbegin.o
 *(.init)
 .init          0x00000000080069c4        0x4 /Applications/Ac6/SystemWorkbench.app/Contents/Eclipse/plugins/fr.ac6.mcu.externaltools.arm-none.macos64_1.13.1.201703061524/tools/compiler/bin/../lib/gcc/arm-none-eabi/5.4.1/armv7e-m/fpu/crti.o
                0x00000000080069c4                _init
 .init          0x00000000080069c8        0x8 /Applications/Ac6/SystemWorkbench.app/Contents/Eclipse/plugins/fr.ac6.mcu.externaltools.arm-none.macos64_1.13.1.201703061524/tools/compiler/bin/../lib/gcc/arm-none-eabi/5.4.1/armv7e-m/fpu/crtn.o
 *(.fini)
 .fini          0x00000000080069d0        0x4 /Applications/Ac6/SystemWorkbench.app/Contents/Eclipse/plugins/fr.ac6.mcu.externaltools.arm-none.macos64_1.13.1.201703061524/tools/compiler/bin/../lib/gcc/arm-none-eabi/5.4.1/armv7e-m/fpu/crti.o
                0x00000000080069d0                _fini
 .fini          0x00000000080069d4        0x8 /Applications/Ac6/SystemWorkbench.app/Contents/Eclipse/plugins/fr.ac6.mcu.externaltools.arm-none.macos64_1.13.1.201703061524/tools/compiler/bin/../lib/gcc/arm-none-eabi/5.4.1/armv7e-m/fpu/crtn.o
                0x00000000080069e0                . = ALIGN (0x8)
 *fill*         0x00000000080069dc        0x4 
                0x00000000080069e0                _etext = .

.vfp11_veneer   0x00000000080069e0        0x0
 .vfp11_veneer  0x00000000080069e0        0x0 linker stubs

.v4_bx          0x00000000080069e0        0x0
 .v4_bx         0x00000000080069e0        0x0 linker stubs

.iplt           0x00000000080069e0        0x0
 .iplt          0x00000000080069e0        0x0 /Applications/Ac6/SystemWorkbench.app/Contents/Eclipse/plugins/fr.ac6.mcu.externaltools.arm-none.macos64_1.13.1.201703061524/tools/compiler/bin/../lib/gcc/arm-none-eabi/5.4.1/armv7e-m/fpu/crtbegin.o

.rodata         0x00000000080069e0       0xd0
                0x00000000080069e0                . = ALIGN (0x8)
 *(.rodata)
 .rodata        0x00000000080069e0       0x44 Src/main.o
 .rodata        0x0000000008006a24       0x48 Src/system_stm32l4xx.o
                0x0000000008006a24                MSIRangeTable
                0x0000000008006a54                AHBPrescTable
                0x0000000008006a64                APBPrescTable
 *(.rodata*)
 .rodata.str1.4
                0x0000000008006a6c        0x0 Middlewares/Third_Party/FreeRTOS/Source/CMSIS_RTOS/cmsis_os.o
                                          0x1 (size before relaxing)
 .rodata.str1.4
                0x0000000008006a6c        0x5 Middlewares/Third_Party/FreeRTOS/Source/tasks.o
 *fill*         0x0000000008006a71        0x3 
 .rodata.str1.4
                0x0000000008006a74       0x10 Middlewares/Third_Party/FreeRTOS/Source/timers.o
 .rodata.str1.4
                0x0000000008006a84       0x28 Src/main.o
                                         0x27 (size before relaxing)
                0x0000000008006ab0                . = ALIGN (0x8)
 *fill*         0x0000000008006aac        0x4 

.ARM.extab      0x0000000008006ab0        0x0
                0x0000000008006ab0                . = ALIGN (0x8)
 *(.ARM.extab* .gnu.linkonce.armextab.*)
                0x0000000008006ab0                . = ALIGN (0x8)

.ARM            0x0000000008006ab0        0x8
                0x0000000008006ab0                . = ALIGN (0x8)
                0x0000000008006ab0                __exidx_start = .
 *(.ARM.exidx*)
 .ARM.exidx     0x0000000008006ab0        0x8 /Applications/Ac6/SystemWorkbench.app/Contents/Eclipse/plugins/fr.ac6.mcu.externaltools.arm-none.macos64_1.13.1.201703061524/tools/compiler/bin/../lib/gcc/arm-none-eabi/5.4.1/armv7e-m/fpu/libgcc.a(_udivmoddi4.o)
                0x0000000008006ab8                __exidx_end = .
                0x0000000008006ab8                . = ALIGN (0x8)

.rel.dyn        0x0000000008006ab8        0x0
 .rel.iplt      0x0000000008006ab8        0x0 /Applications/Ac6/SystemWorkbench.app/Contents/Eclipse/plugins/fr.ac6.mcu.externaltools.arm-none.macos64_1.13.1.201703061524/tools/compiler/bin/../lib/gcc/arm-none-eabi/5.4.1/armv7e-m/fpu/crtbegin.o

.preinit_array  0x0000000008006ab8        0x0
                0x0000000008006ab8                . = ALIGN (0x8)
                0x0000000008006ab8                PROVIDE (__preinit_array_start, .)
 *(.preinit_array*)
                0x0000000008006ab8                PROVIDE (__preinit_array_end, .)
                0x0000000008006ab8                . = ALIGN (0x8)

.init_array     0x0000000008006ab8        0x8
                0x0000000008006ab8                . = ALIGN (0x8)
                0x0000000008006ab8                PROVIDE (__init_array_start, .)
 *(SORT(.init_array.*))
 *(.init_array*)
 .init_array    0x0000000008006ab8        0x4 /Applications/Ac6/SystemWorkbench.app/Contents/Eclipse/plugins/fr.ac6.mcu.externaltools.arm-none.macos64_1.13.1.201703061524/tools/compiler/bin/../lib/gcc/arm-none-eabi/5.4.1/armv7e-m/fpu/crtbegin.o
                0x0000000008006abc                PROVIDE (__init_array_end, .)
                0x0000000008006ac0                . = ALIGN (0x8)
 *fill*         0x0000000008006abc        0x4 

.fini_array     0x0000000008006ac0        0x8
                0x0000000008006ac0                . = ALIGN (0x8)
                [!provide]                        PROVIDE (__fini_array_start, .)
 *(SORT(.fini_array.*))
 *(.fini_array*)
 .fini_array    0x0000000008006ac0        0x4 /Applications/Ac6/SystemWorkbench.app/Contents/Eclipse/plugins/fr.ac6.mcu.externaltools.arm-none.macos64_1.13.1.201703061524/tools/compiler/bin/../lib/gcc/arm-none-eabi/5.4.1/armv7e-m/fpu/crtbegin.o
                [!provide]                        PROVIDE (__fini_array_end, .)
                0x0000000008006ac8                . = ALIGN (0x8)
 *fill*         0x0000000008006ac4        0x4 
                0x0000000008006ac8                _sidata = LOADADDR (.data)

.data           0x0000000020000000      0x610 load address 0x0000000008006ac8
                0x0000000020000000                . = ALIGN (0x8)
                0x0000000020000000                _sdata = .
 *(.data)
 .data          0x0000000020000000        0x4 Middlewares/Third_Party/FreeRTOS/Source/portable/GCC/ARM_CM4F/port.o
 .data          0x0000000020000004        0x1 Src/can.o
 *fill*         0x0000000020000005        0x3 
 .data          0x0000000020000008      0x5f4 Src/main.o
                0x00000000200000f0                Err_Messages
                0x0000000020000454                ERR_invalidFilterNumMsg
                0x0000000020000470                ERR_invalidDecCharMsg
                0x0000000020000494                ERR_CanErrorCRCMsg
                0x00000000200004a4                ERR_CanErrorBDMsg
                0x00000000200004bc                ERR_CanErrorBRMsg
                0x00000000200004d4                ERR_CanErrorACKMsg
                0x00000000200004e4                ERR_CanErrorFORMsg
                0x00000000200004fc                ERR_CanErrorSTFMsg
                0x0000000020000514                ERR_CanErrorBOFMsg
                0x0000000020000528                ERR_CanErrorEPVMsg
                0x0000000020000544                ERR_CanErrorEWGMsg
                0x0000000020000560                ERR_idIsOutOfRangeMsg
                0x000000002000058c                ERR_invalidRtrBitsMsg
                0x00000000200005b4                ERR_invalidCommandMsg
                0x00000000200005d4                ERR_invalidHexCharMsg
 .data          0x00000000200005fc        0xc Src/serial.o
 .data          0x0000000020000608        0x4 Src/system_stm32l4xx.o
                0x0000000020000608                SystemCoreClock
 *(.data*)
                0x0000000020000610                . = ALIGN (0x8)
 *fill*         0x000000002000060c        0x4 
                0x0000000020000610                _edata = .

.jcr            0x0000000020000610        0x0 load address 0x00000000080070d8
 .jcr           0x0000000020000610        0x0 /Applications/Ac6/SystemWorkbench.app/Contents/Eclipse/plugins/fr.ac6.mcu.externaltools.arm-none.macos64_1.13.1.201703061524/tools/compiler/bin/../lib/gcc/arm-none-eabi/5.4.1/armv7e-m/fpu/crtbegin.o

.igot.plt       0x0000000020000610        0x0 load address 0x00000000080070d8
 .igot.plt      0x0000000020000610        0x0 /Applications/Ac6/SystemWorkbench.app/Contents/Eclipse/plugins/fr.ac6.mcu.externaltools.arm-none.macos64_1.13.1.201703061524/tools/compiler/bin/../lib/gcc/arm-none-eabi/5.4.1/armv7e-m/fpu/crtbegin.o
                0x0000000020000610                . = ALIGN (0x4)

.bss            0x0000000020000610     0xa858 load address 0x00000000080070d8
                0x0000000020000610                _sbss = .
                0x0000000020000610                __bss_start__ = _sbss
 *(.bss)
 .bss           0x0000000020000610       0x1c /Applications/Ac6/SystemWorkbench.app/Contents/Eclipse/plugins/fr.ac6.mcu.externaltools.arm-none.macos64_1.13.1.201703061524/tools/compiler/bin/../lib/gcc/arm-none-eabi/5.4.1/armv7e-m/fpu/crtbegin.o
 .bss           0x000000002000062c      0x118 Middlewares/Third_Party/FreeRTOS/Source/tasks.o
                0x0000000020000718                pxCurrentTCB
 .bss           0x0000000020000744       0x3c Middlewares/Third_Party/FreeRTOS/Source/timers.o
 .bss           0x0000000020000780        0x8 Middlewares/Third_Party/FreeRTOS/Source/portable/GCC/ARM_CM4F/port.o
 .bss           0x0000000020000788     0x7dc0 Middlewares/Third_Party/FreeRTOS/Source/portable/MemMang/heap_4.o
 .bss           0x0000000020008548      0x2d0 Src/can.o
 .bss           0x0000000020008818       0x51 Src/main.o
 *fill*         0x0000000020008869        0x3 
 .bss           0x000000002000886c     0x1009 Src/serial.o
 *(.bss*)
 *(COMMON)
 *fill*         0x0000000020009875        0x3 
 COMMON         0x0000000020009878        0x4 Drivers/STM32L4xx_HAL_Driver/Src/stm32l4xx_hal.o
                0x0000000020009878                uwTick
 COMMON         0x000000002000987c       0x40 Middlewares/Third_Party/FreeRTOS/Source/queue.o
                0x000000002000987c                xQueueRegistry
 COMMON         0x00000000200098bc     0x1570 Src/main.o
                0x00000000200098bc                hdma_usart2_rx
                0x0000000020009904                processCanHandle
                0x0000000020009908                ProcessUartHandle
                0x000000002000990c                mainCanRxQHandle
                0x0000000020009910                housekeepingHandle
                0x0000000020009914                UartTxMtxHandle
                0x0000000020009918                Serial2_buffer
                0x0000000020009d18                hdma_usart2_tx
                0x0000000020009d60                mainCanTxQHandle
                0x0000000020009d64                hwwdg
                0x0000000020009d78                WWDGTmrHandle
                0x0000000020009d7c                Serial2_writeStr_Buf
                0x000000002000ad7c                huart2
                0x000000002000adec                hcan1
 COMMON         0x000000002000ae2c       0x3c Src/stm32l4xx_hal_timebase_TIM.o
                0x000000002000ae2c                htim6
                0x000000002000ae68                . = ALIGN (0x4)
                0x000000002000ae68                _ebss = .
                0x000000002000ae68                __bss_end__ = _ebss

._user_heap_stack
                0x000000002000ae68      0x600 load address 0x00000000080070d8
                0x000000002000ae68                . = ALIGN (0x8)
                [!provide]                        PROVIDE (end, .)
                [!provide]                        PROVIDE (_end, .)
                0x000000002000b068                . = (. + _Min_Heap_Size)
 *fill*         0x000000002000ae68      0x200 
                0x000000002000b468                . = (. + _Min_Stack_Size)
 *fill*         0x000000002000b068      0x400 
                0x000000002000b468                . = ALIGN (0x8)

/DISCARD/
 libc.a(*)
 libm.a(*)
 libgcc.a(*)

.ARM.attributes
                0x0000000000000000       0x30
 *(.ARM.attributes)
 .ARM.attributes
                0x0000000000000000       0x22 /Applications/Ac6/SystemWorkbench.app/Contents/Eclipse/plugins/fr.ac6.mcu.externaltools.arm-none.macos64_1.13.1.201703061524/tools/compiler/bin/../lib/gcc/arm-none-eabi/5.4.1/armv7e-m/fpu/crti.o
 .ARM.attributes
                0x0000000000000022       0x34 /Applications/Ac6/SystemWorkbench.app/Contents/Eclipse/plugins/fr.ac6.mcu.externaltools.arm-none.macos64_1.13.1.201703061524/tools/compiler/bin/../lib/gcc/arm-none-eabi/5.4.1/armv7e-m/fpu/crtbegin.o
 .ARM.attributes
                0x0000000000000056       0x39 Drivers/STM32L4xx_HAL_Driver/Src/stm32l4xx_hal.o
 .ARM.attributes
                0x000000000000008f       0x39 Drivers/STM32L4xx_HAL_Driver/Src/stm32l4xx_hal_can.o
 .ARM.attributes
                0x00000000000000c8       0x39 Drivers/STM32L4xx_HAL_Driver/Src/stm32l4xx_hal_cortex.o
 .ARM.attributes
                0x0000000000000101       0x39 Drivers/STM32L4xx_HAL_Driver/Src/stm32l4xx_hal_dma.o
 .ARM.attributes
                0x000000000000013a       0x39 Drivers/STM32L4xx_HAL_Driver/Src/stm32l4xx_hal_gpio.o
 .ARM.attributes
                0x0000000000000173       0x39 Drivers/STM32L4xx_HAL_Driver/Src/stm32l4xx_hal_pwr_ex.o
 .ARM.attributes
                0x00000000000001ac       0x39 Drivers/STM32L4xx_HAL_Driver/Src/stm32l4xx_hal_rcc.o
 .ARM.attributes
                0x00000000000001e5       0x39 Drivers/STM32L4xx_HAL_Driver/Src/stm32l4xx_hal_rcc_ex.o
 .ARM.attributes
                0x000000000000021e       0x39 Drivers/STM32L4xx_HAL_Driver/Src/stm32l4xx_hal_tim.o
 .ARM.attributes
                0x0000000000000257       0x39 Drivers/STM32L4xx_HAL_Driver/Src/stm32l4xx_hal_tim_ex.o
 .ARM.attributes
                0x0000000000000290       0x39 Drivers/STM32L4xx_HAL_Driver/Src/stm32l4xx_hal_uart.o
 .ARM.attributes
                0x00000000000002c9       0x39 Drivers/STM32L4xx_HAL_Driver/Src/stm32l4xx_hal_uart_ex.o
 .ARM.attributes
                0x0000000000000302       0x39 Drivers/STM32L4xx_HAL_Driver/Src/stm32l4xx_hal_wwdg.o
 .ARM.attributes
                0x000000000000033b       0x39 Middlewares/Third_Party/FreeRTOS/Source/CMSIS_RTOS/cmsis_os.o
 .ARM.attributes
                0x0000000000000374       0x39 Middlewares/Third_Party/FreeRTOS/Source/list.o
 .ARM.attributes
                0x00000000000003ad       0x39 Middlewares/Third_Party/FreeRTOS/Source/queue.o
 .ARM.attributes
                0x00000000000003e6       0x39 Middlewares/Third_Party/FreeRTOS/Source/tasks.o
 .ARM.attributes
                0x000000000000041f       0x39 Middlewares/Third_Party/FreeRTOS/Source/timers.o
 .ARM.attributes
                0x0000000000000458       0x39 Middlewares/Third_Party/FreeRTOS/Source/portable/GCC/ARM_CM4F/port.o
 .ARM.attributes
                0x0000000000000491       0x39 Middlewares/Third_Party/FreeRTOS/Source/portable/MemMang/heap_4.o
 .ARM.attributes
                0x00000000000004ca       0x39 Src/can.o
 .ARM.attributes
                0x0000000000000503       0x39 Src/freertos.o
 .ARM.attributes
                0x000000000000053c       0x39 Src/main.o
 .ARM.attributes
                0x0000000000000575       0x39 Src/serial.o
 .ARM.attributes
                0x00000000000005ae       0x39 Src/stm32l4xx_hal_msp.o
 .ARM.attributes
                0x00000000000005e7       0x39 Src/stm32l4xx_hal_timebase_TIM.o
 .ARM.attributes
                0x0000000000000620       0x39 Src/stm32l4xx_it.o
 .ARM.attributes
                0x0000000000000659       0x39 Src/system_stm32l4xx.o
 .ARM.attributes
                0x0000000000000692       0x21 startup/startup_stm32l432xx.o
 .ARM.attributes
                0x00000000000006b3       0x22 /Applications/Ac6/SystemWorkbench.app/Contents/Eclipse/plugins/fr.ac6.mcu.externaltools.arm-none.macos64_1.13.1.201703061524/tools/compiler/bin/../lib/gcc/arm-none-eabi/5.4.1/armv7e-m/fpu/libgcc.a(_aeabi_uldivmod.o)
 .ARM.attributes
                0x00000000000006d5       0x34 /Applications/Ac6/SystemWorkbench.app/Contents/Eclipse/plugins/fr.ac6.mcu.externaltools.arm-none.macos64_1.13.1.201703061524/tools/compiler/bin/../lib/gcc/arm-none-eabi/5.4.1/armv7e-m/fpu/libgcc.a(_udivmoddi4.o)
 .ARM.attributes
                0x0000000000000709       0x22 /Applications/Ac6/SystemWorkbench.app/Contents/Eclipse/plugins/fr.ac6.mcu.externaltools.arm-none.macos64_1.13.1.201703061524/tools/compiler/bin/../lib/gcc/arm-none-eabi/5.4.1/armv7e-m/fpu/libgcc.a(_dvmd_tls.o)
 .ARM.attributes
                0x000000000000072b       0x34 /Applications/Ac6/SystemWorkbench.app/Contents/Eclipse/plugins/fr.ac6.mcu.externaltools.arm-none.macos64_1.13.1.201703061524/tools/compiler/bin/../lib/gcc/arm-none-eabi/5.4.1/../../../../arm-none-eabi/lib/armv7e-m/fpu/libc_nano.a(lib_a-init.o)
 .ARM.attributes
                0x000000000000075f       0x34 /Applications/Ac6/SystemWorkbench.app/Contents/Eclipse/plugins/fr.ac6.mcu.externaltools.arm-none.macos64_1.13.1.201703061524/tools/compiler/bin/../lib/gcc/arm-none-eabi/5.4.1/../../../../arm-none-eabi/lib/armv7e-m/fpu/libc_nano.a(lib_a-memcpy-stub.o)
 .ARM.attributes
                0x0000000000000793       0x34 /Applications/Ac6/SystemWorkbench.app/Contents/Eclipse/plugins/fr.ac6.mcu.externaltools.arm-none.macos64_1.13.1.201703061524/tools/compiler/bin/../lib/gcc/arm-none-eabi/5.4.1/../../../../arm-none-eabi/lib/armv7e-m/fpu/libc_nano.a(lib_a-memset.o)
 .ARM.attributes
                0x00000000000007c7       0x22 /Applications/Ac6/SystemWorkbench.app/Contents/Eclipse/plugins/fr.ac6.mcu.externaltools.arm-none.macos64_1.13.1.201703061524/tools/compiler/bin/../lib/gcc/arm-none-eabi/5.4.1/armv7e-m/fpu/crtn.o
OUTPUT(Candy-Bugger.elf elf32-littlearm)

.debug_info     0x0000000000000000    0x1d8ce
 .debug_info    0x0000000000000000      0x9e7 Drivers/STM32L4xx_HAL_Driver/Src/stm32l4xx_hal.o
 .debug_info    0x00000000000009e7      0xbe6 Drivers/STM32L4xx_HAL_Driver/Src/stm32l4xx_hal_can.o
 .debug_info    0x00000000000015cd      0xe6f Drivers/STM32L4xx_HAL_Driver/Src/stm32l4xx_hal_cortex.o
 .debug_info    0x000000000000243c      0x865 Drivers/STM32L4xx_HAL_Driver/Src/stm32l4xx_hal_dma.o
 .debug_info    0x0000000000002ca1      0x854 Drivers/STM32L4xx_HAL_Driver/Src/stm32l4xx_hal_gpio.o
 .debug_info    0x00000000000034f5      0x9f7 Drivers/STM32L4xx_HAL_Driver/Src/stm32l4xx_hal_pwr_ex.o
 .debug_info    0x0000000000003eec     0x1146 Drivers/STM32L4xx_HAL_Driver/Src/stm32l4xx_hal_rcc.o
 .debug_info    0x0000000000005032     0x166c Drivers/STM32L4xx_HAL_Driver/Src/stm32l4xx_hal_rcc_ex.o
 .debug_info    0x000000000000669e     0x2f96 Drivers/STM32L4xx_HAL_Driver/Src/stm32l4xx_hal_tim.o
 .debug_info    0x0000000000009634     0x14e7 Drivers/STM32L4xx_HAL_Driver/Src/stm32l4xx_hal_tim_ex.o
 .debug_info    0x000000000000ab1b     0x1b5b Drivers/STM32L4xx_HAL_Driver/Src/stm32l4xx_hal_uart.o
 .debug_info    0x000000000000c676      0x98d Drivers/STM32L4xx_HAL_Driver/Src/stm32l4xx_hal_uart_ex.o
 .debug_info    0x000000000000d003      0x315 Drivers/STM32L4xx_HAL_Driver/Src/stm32l4xx_hal_wwdg.o
 .debug_info    0x000000000000d318     0x1cf4 Middlewares/Third_Party/FreeRTOS/Source/CMSIS_RTOS/cmsis_os.o
 .debug_info    0x000000000000f00c      0x33c Middlewares/Third_Party/FreeRTOS/Source/list.o
 .debug_info    0x000000000000f348     0x18d3 Middlewares/Third_Party/FreeRTOS/Source/queue.o
 .debug_info    0x0000000000010c1b     0x1ec9 Middlewares/Third_Party/FreeRTOS/Source/tasks.o
 .debug_info    0x0000000000012ae4     0x10d8 Middlewares/Third_Party/FreeRTOS/Source/timers.o
 .debug_info    0x0000000000013bbc      0x5b1 Middlewares/Third_Party/FreeRTOS/Source/portable/GCC/ARM_CM4F/port.o
 .debug_info    0x000000000001416d      0x4ed Middlewares/Third_Party/FreeRTOS/Source/portable/MemMang/heap_4.o
 .debug_info    0x000000000001465a     0x1061 Src/can.o
 .debug_info    0x00000000000156bb      0x16c Src/freertos.o
 .debug_info    0x0000000000015827     0x3c00 Src/main.o
 .debug_info    0x0000000000019427      0xd96 Src/serial.o
 .debug_info    0x000000000001a1bd     0x1588 Src/stm32l4xx_hal_msp.o
 .debug_info    0x000000000001b745      0xbc6 Src/stm32l4xx_hal_timebase_TIM.o
 .debug_info    0x000000000001c30b      0xf49 Src/stm32l4xx_it.o
 .debug_info    0x000000000001d254      0x600 Src/system_stm32l4xx.o
 .debug_info    0x000000000001d854       0x7a startup/startup_stm32l432xx.o

.debug_abbrev   0x0000000000000000     0x40b0
 .debug_abbrev  0x0000000000000000      0x1fe Drivers/STM32L4xx_HAL_Driver/Src/stm32l4xx_hal.o
 .debug_abbrev  0x00000000000001fe      0x21c Drivers/STM32L4xx_HAL_Driver/Src/stm32l4xx_hal_can.o
 .debug_abbrev  0x000000000000041a      0x2f1 Drivers/STM32L4xx_HAL_Driver/Src/stm32l4xx_hal_cortex.o
 .debug_abbrev  0x000000000000070b      0x229 Drivers/STM32L4xx_HAL_Driver/Src/stm32l4xx_hal_dma.o
 .debug_abbrev  0x0000000000000934      0x1e3 Drivers/STM32L4xx_HAL_Driver/Src/stm32l4xx_hal_gpio.o
 .debug_abbrev  0x0000000000000b17      0x244 Drivers/STM32L4xx_HAL_Driver/Src/stm32l4xx_hal_pwr_ex.o
 .debug_abbrev  0x0000000000000d5b      0x2bd Drivers/STM32L4xx_HAL_Driver/Src/stm32l4xx_hal_rcc.o
 .debug_abbrev  0x0000000000001018      0x2b6 Drivers/STM32L4xx_HAL_Driver/Src/stm32l4xx_hal_rcc_ex.o
 .debug_abbrev  0x00000000000012ce      0x231 Drivers/STM32L4xx_HAL_Driver/Src/stm32l4xx_hal_tim.o
 .debug_abbrev  0x00000000000014ff      0x231 Drivers/STM32L4xx_HAL_Driver/Src/stm32l4xx_hal_tim_ex.o
 .debug_abbrev  0x0000000000001730      0x283 Drivers/STM32L4xx_HAL_Driver/Src/stm32l4xx_hal_uart.o
 .debug_abbrev  0x00000000000019b3      0x213 Drivers/STM32L4xx_HAL_Driver/Src/stm32l4xx_hal_uart_ex.o
 .debug_abbrev  0x0000000000001bc6      0x18c Drivers/STM32L4xx_HAL_Driver/Src/stm32l4xx_hal_wwdg.o
 .debug_abbrev  0x0000000000001d52      0x337 Middlewares/Third_Party/FreeRTOS/Source/CMSIS_RTOS/cmsis_os.o
 .debug_abbrev  0x0000000000002089      0x11a Middlewares/Third_Party/FreeRTOS/Source/list.o
 .debug_abbrev  0x00000000000021a3      0x2b7 Middlewares/Third_Party/FreeRTOS/Source/queue.o
 .debug_abbrev  0x000000000000245a      0x341 Middlewares/Third_Party/FreeRTOS/Source/tasks.o
 .debug_abbrev  0x000000000000279b      0x262 Middlewares/Third_Party/FreeRTOS/Source/timers.o
 .debug_abbrev  0x00000000000029fd      0x24e Middlewares/Third_Party/FreeRTOS/Source/portable/GCC/ARM_CM4F/port.o
 .debug_abbrev  0x0000000000002c4b      0x259 Middlewares/Third_Party/FreeRTOS/Source/portable/MemMang/heap_4.o
 .debug_abbrev  0x0000000000002ea4      0x30c Src/can.o
 .debug_abbrev  0x00000000000031b0       0xcb Src/freertos.o
 .debug_abbrev  0x000000000000327b      0x43c Src/main.o
 .debug_abbrev  0x00000000000036b7      0x2e6 Src/serial.o
 .debug_abbrev  0x000000000000399d      0x23e Src/stm32l4xx_hal_msp.o
 .debug_abbrev  0x0000000000003bdb      0x1ea Src/stm32l4xx_hal_timebase_TIM.o
 .debug_abbrev  0x0000000000003dc5      0x1a5 Src/stm32l4xx_it.o
 .debug_abbrev  0x0000000000003f6a      0x134 Src/system_stm32l4xx.o
 .debug_abbrev  0x000000000000409e       0x12 startup/startup_stm32l432xx.o

.debug_loc      0x0000000000000000     0xef48
 .debug_loc     0x0000000000000000       0x76 Drivers/STM32L4xx_HAL_Driver/Src/stm32l4xx_hal.o
 .debug_loc     0x0000000000000076      0x5cc Drivers/STM32L4xx_HAL_Driver/Src/stm32l4xx_hal_can.o
 .debug_loc     0x0000000000000642      0x527 Drivers/STM32L4xx_HAL_Driver/Src/stm32l4xx_hal_cortex.o
 .debug_loc     0x0000000000000b69      0x6d9 Drivers/STM32L4xx_HAL_Driver/Src/stm32l4xx_hal_dma.o
 .debug_loc     0x0000000000001242      0x2ff Drivers/STM32L4xx_HAL_Driver/Src/stm32l4xx_hal_gpio.o
 .debug_loc     0x0000000000001541      0x571 Drivers/STM32L4xx_HAL_Driver/Src/stm32l4xx_hal_pwr_ex.o
 .debug_loc     0x0000000000001ab2      0x850 Drivers/STM32L4xx_HAL_Driver/Src/stm32l4xx_hal_rcc.o
 .debug_loc     0x0000000000002302     0x181c Drivers/STM32L4xx_HAL_Driver/Src/stm32l4xx_hal_rcc_ex.o
 .debug_loc     0x0000000000003b1e     0x34ce Drivers/STM32L4xx_HAL_Driver/Src/stm32l4xx_hal_tim.o
 .debug_loc     0x0000000000006fec     0x13f6 Drivers/STM32L4xx_HAL_Driver/Src/stm32l4xx_hal_tim_ex.o
 .debug_loc     0x00000000000083e2     0x158f Drivers/STM32L4xx_HAL_Driver/Src/stm32l4xx_hal_uart.o
 .debug_loc     0x0000000000009971      0x2ac Drivers/STM32L4xx_HAL_Driver/Src/stm32l4xx_hal_uart_ex.o
 .debug_loc     0x0000000000009c1d       0x79 Drivers/STM32L4xx_HAL_Driver/Src/stm32l4xx_hal_wwdg.o
 .debug_loc     0x0000000000009c96     0x10b4 Middlewares/Third_Party/FreeRTOS/Source/CMSIS_RTOS/cmsis_os.o
 .debug_loc     0x000000000000ad4a       0x65 Middlewares/Third_Party/FreeRTOS/Source/list.o
 .debug_loc     0x000000000000adaf      0xeae Middlewares/Third_Party/FreeRTOS/Source/queue.o
 .debug_loc     0x000000000000bc5d      0xee1 Middlewares/Third_Party/FreeRTOS/Source/tasks.o
 .debug_loc     0x000000000000cb3e      0x9ad Middlewares/Third_Party/FreeRTOS/Source/timers.o
 .debug_loc     0x000000000000d4eb       0xdc Middlewares/Third_Party/FreeRTOS/Source/portable/GCC/ARM_CM4F/port.o
 .debug_loc     0x000000000000d5c7      0x282 Middlewares/Third_Party/FreeRTOS/Source/portable/MemMang/heap_4.o
 .debug_loc     0x000000000000d849      0xb84 Src/can.o
 .debug_loc     0x000000000000e3cd      0x4c4 Src/main.o
 .debug_loc     0x000000000000e891      0x42e Src/serial.o
 .debug_loc     0x000000000000ecbf       0x9f Src/stm32l4xx_hal_msp.o
 .debug_loc     0x000000000000ed5e       0x79 Src/stm32l4xx_hal_timebase_TIM.o
 .debug_loc     0x000000000000edd7      0x171 Src/system_stm32l4xx.o

.debug_aranges  0x0000000000000000     0x1670
 .debug_aranges
                0x0000000000000000       0xd8 Drivers/STM32L4xx_HAL_Driver/Src/stm32l4xx_hal.o
 .debug_aranges
                0x00000000000000d8       0xb0 Drivers/STM32L4xx_HAL_Driver/Src/stm32l4xx_hal_can.o
 .debug_aranges
                0x0000000000000188       0x98 Drivers/STM32L4xx_HAL_Driver/Src/stm32l4xx_hal_cortex.o
 .debug_aranges
                0x0000000000000220       0x80 Drivers/STM32L4xx_HAL_Driver/Src/stm32l4xx_hal_dma.o
 .debug_aranges
                0x00000000000002a0       0x58 Drivers/STM32L4xx_HAL_Driver/Src/stm32l4xx_hal_gpio.o
 .debug_aranges
                0x00000000000002f8      0x108 Drivers/STM32L4xx_HAL_Driver/Src/stm32l4xx_hal_pwr_ex.o
 .debug_aranges
                0x0000000000000400       0x88 Drivers/STM32L4xx_HAL_Driver/Src/stm32l4xx_hal_rcc.o
 .debug_aranges
                0x0000000000000488       0xe8 Drivers/STM32L4xx_HAL_Driver/Src/stm32l4xx_hal_rcc_ex.o
 .debug_aranges
                0x0000000000000570      0x378 Drivers/STM32L4xx_HAL_Driver/Src/stm32l4xx_hal_tim.o
 .debug_aranges
                0x00000000000008e8      0x150 Drivers/STM32L4xx_HAL_Driver/Src/stm32l4xx_hal_tim_ex.o
 .debug_aranges
                0x0000000000000a38      0x1e8 Drivers/STM32L4xx_HAL_Driver/Src/stm32l4xx_hal_uart.o
 .debug_aranges
                0x0000000000000c20       0x50 Drivers/STM32L4xx_HAL_Driver/Src/stm32l4xx_hal_uart_ex.o
 .debug_aranges
                0x0000000000000c70       0x40 Drivers/STM32L4xx_HAL_Driver/Src/stm32l4xx_hal_wwdg.o
 .debug_aranges
                0x0000000000000cb0      0x1e8 Middlewares/Third_Party/FreeRTOS/Source/CMSIS_RTOS/cmsis_os.o
 .debug_aranges
                0x0000000000000e98       0x40 Middlewares/Third_Party/FreeRTOS/Source/list.o
 .debug_aranges
                0x0000000000000ed8       0xf0 Middlewares/Third_Party/FreeRTOS/Source/queue.o
 .debug_aranges
                0x0000000000000fc8      0x178 Middlewares/Third_Party/FreeRTOS/Source/tasks.o
 .debug_aranges
                0x0000000000001140       0xb8 Middlewares/Third_Party/FreeRTOS/Source/timers.o
 .debug_aranges
                0x00000000000011f8       0x80 Middlewares/Third_Party/FreeRTOS/Source/portable/GCC/ARM_CM4F/port.o
 .debug_aranges
                0x0000000000001278       0x50 Middlewares/Third_Party/FreeRTOS/Source/portable/MemMang/heap_4.o
 .debug_aranges
                0x00000000000012c8       0xa8 Src/can.o
 .debug_aranges
                0x0000000000001370       0x28 Src/freertos.o
 .debug_aranges
                0x0000000000001398      0x108 Src/main.o
 .debug_aranges
                0x00000000000014a0       0xa8 Src/serial.o
 .debug_aranges
                0x0000000000001548       0x48 Src/stm32l4xx_hal_msp.o
 .debug_aranges
                0x0000000000001590       0x30 Src/stm32l4xx_hal_timebase_TIM.o
 .debug_aranges
                0x00000000000015c0       0x60 Src/stm32l4xx_it.o
 .debug_aranges
                0x0000000000001620       0x28 Src/system_stm32l4xx.o
 .debug_aranges
                0x0000000000001648       0x28 startup/startup_stm32l432xx.o

.debug_ranges   0x0000000000000000     0x15d8
 .debug_ranges  0x0000000000000000       0xc8 Drivers/STM32L4xx_HAL_Driver/Src/stm32l4xx_hal.o
 .debug_ranges  0x00000000000000c8       0xa0 Drivers/STM32L4xx_HAL_Driver/Src/stm32l4xx_hal_can.o
 .debug_ranges  0x0000000000000168       0x88 Drivers/STM32L4xx_HAL_Driver/Src/stm32l4xx_hal_cortex.o
 .debug_ranges  0x00000000000001f0       0x70 Drivers/STM32L4xx_HAL_Driver/Src/stm32l4xx_hal_dma.o
 .debug_ranges  0x0000000000000260       0x48 Drivers/STM32L4xx_HAL_Driver/Src/stm32l4xx_hal_gpio.o
 .debug_ranges  0x00000000000002a8       0xf8 Drivers/STM32L4xx_HAL_Driver/Src/stm32l4xx_hal_pwr_ex.o
 .debug_ranges  0x00000000000003a0       0x90 Drivers/STM32L4xx_HAL_Driver/Src/stm32l4xx_hal_rcc.o
 .debug_ranges  0x0000000000000430       0xd8 Drivers/STM32L4xx_HAL_Driver/Src/stm32l4xx_hal_rcc_ex.o
 .debug_ranges  0x0000000000000508      0x368 Drivers/STM32L4xx_HAL_Driver/Src/stm32l4xx_hal_tim.o
 .debug_ranges  0x0000000000000870      0x140 Drivers/STM32L4xx_HAL_Driver/Src/stm32l4xx_hal_tim_ex.o
 .debug_ranges  0x00000000000009b0      0x1d8 Drivers/STM32L4xx_HAL_Driver/Src/stm32l4xx_hal_uart.o
 .debug_ranges  0x0000000000000b88       0x40 Drivers/STM32L4xx_HAL_Driver/Src/stm32l4xx_hal_uart_ex.o
 .debug_ranges  0x0000000000000bc8       0x30 Drivers/STM32L4xx_HAL_Driver/Src/stm32l4xx_hal_wwdg.o
 .debug_ranges  0x0000000000000bf8      0x1d8 Middlewares/Third_Party/FreeRTOS/Source/CMSIS_RTOS/cmsis_os.o
 .debug_ranges  0x0000000000000dd0       0x30 Middlewares/Third_Party/FreeRTOS/Source/list.o
 .debug_ranges  0x0000000000000e00      0x128 Middlewares/Third_Party/FreeRTOS/Source/queue.o
 .debug_ranges  0x0000000000000f28      0x1a8 Middlewares/Third_Party/FreeRTOS/Source/tasks.o
 .debug_ranges  0x00000000000010d0       0xa8 Middlewares/Third_Party/FreeRTOS/Source/timers.o
 .debug_ranges  0x0000000000001178       0x70 Middlewares/Third_Party/FreeRTOS/Source/portable/GCC/ARM_CM4F/port.o
 .debug_ranges  0x00000000000011e8       0x40 Middlewares/Third_Party/FreeRTOS/Source/portable/MemMang/heap_4.o
 .debug_ranges  0x0000000000001228       0xb0 Src/can.o
 .debug_ranges  0x00000000000012d8       0x18 Src/freertos.o
 .debug_ranges  0x00000000000012f0      0x110 Src/main.o
 .debug_ranges  0x0000000000001400       0xf8 Src/serial.o
 .debug_ranges  0x00000000000014f8       0x38 Src/stm32l4xx_hal_msp.o
 .debug_ranges  0x0000000000001530       0x20 Src/stm32l4xx_hal_timebase_TIM.o
 .debug_ranges  0x0000000000001550       0x50 Src/stm32l4xx_it.o
 .debug_ranges  0x00000000000015a0       0x18 Src/system_stm32l4xx.o
 .debug_ranges  0x00000000000015b8       0x20 startup/startup_stm32l432xx.o

.debug_macro    0x0000000000000000    0x2809d
 .debug_macro   0x0000000000000000      0x3cc Drivers/STM32L4xx_HAL_Driver/Src/stm32l4xx_hal.o
 .debug_macro   0x00000000000003cc      0x89e Drivers/STM32L4xx_HAL_Driver/Src/stm32l4xx_hal.o
 .debug_macro   0x0000000000000c6a       0x2e Drivers/STM32L4xx_HAL_Driver/Src/stm32l4xx_hal.o
 .debug_macro   0x0000000000000c98       0x28 Drivers/STM32L4xx_HAL_Driver/Src/stm32l4xx_hal.o
 .debug_macro   0x0000000000000cc0       0x22 Drivers/STM32L4xx_HAL_Driver/Src/stm32l4xx_hal.o
 .debug_macro   0x0000000000000ce2       0x87 Drivers/STM32L4xx_HAL_Driver/Src/stm32l4xx_hal.o
 .debug_macro   0x0000000000000d69       0x44 Drivers/STM32L4xx_HAL_Driver/Src/stm32l4xx_hal.o
 .debug_macro   0x0000000000000dad       0xfd Drivers/STM32L4xx_HAL_Driver/Src/stm32l4xx_hal.o
 .debug_macro   0x0000000000000eaa       0x5e Drivers/STM32L4xx_HAL_Driver/Src/stm32l4xx_hal.o
 .debug_macro   0x0000000000000f08      0x1df Drivers/STM32L4xx_HAL_Driver/Src/stm32l4xx_hal.o
 .debug_macro   0x00000000000010e7       0x35 Drivers/STM32L4xx_HAL_Driver/Src/stm32l4xx_hal.o
 .debug_macro   0x000000000000111c       0x50 Drivers/STM32L4xx_HAL_Driver/Src/stm32l4xx_hal.o
 .debug_macro   0x000000000000116c      0xe66 Drivers/STM32L4xx_HAL_Driver/Src/stm32l4xx_hal.o
 .debug_macro   0x0000000000001fd2    0x1477c Drivers/STM32L4xx_HAL_Driver/Src/stm32l4xx_hal.o
 .debug_macro   0x000000000001674e       0x43 Drivers/STM32L4xx_HAL_Driver/Src/stm32l4xx_hal.o
 .debug_macro   0x0000000000016791      0x2c5 Drivers/STM32L4xx_HAL_Driver/Src/stm32l4xx_hal.o
 .debug_macro   0x0000000000016a56      0x147 Drivers/STM32L4xx_HAL_Driver/Src/stm32l4xx_hal.o
 .debug_macro   0x0000000000016b9d      0x1b2 Drivers/STM32L4xx_HAL_Driver/Src/stm32l4xx_hal.o
 .debug_macro   0x0000000000016d4f      0x7a9 Drivers/STM32L4xx_HAL_Driver/Src/stm32l4xx_hal.o
 .debug_macro   0x00000000000174f8      0x225 Drivers/STM32L4xx_HAL_Driver/Src/stm32l4xx_hal.o
 .debug_macro   0x000000000001771d       0x84 Drivers/STM32L4xx_HAL_Driver/Src/stm32l4xx_hal.o
 .debug_macro   0x00000000000177a1      0x1d7 Drivers/STM32L4xx_HAL_Driver/Src/stm32l4xx_hal.o
 .debug_macro   0x0000000000017978      0x174 Drivers/STM32L4xx_HAL_Driver/Src/stm32l4xx_hal.o
 .debug_macro   0x0000000000017aec      0x15d Drivers/STM32L4xx_HAL_Driver/Src/stm32l4xx_hal.o
 .debug_macro   0x0000000000017c49       0x28 Drivers/STM32L4xx_HAL_Driver/Src/stm32l4xx_hal.o
 .debug_macro   0x0000000000017c71       0x9e Drivers/STM32L4xx_HAL_Driver/Src/stm32l4xx_hal.o
 .debug_macro   0x0000000000017d0f     0x36a1 Drivers/STM32L4xx_HAL_Driver/Src/stm32l4xx_hal.o
 .debug_macro   0x000000000001b3b0       0x52 Drivers/STM32L4xx_HAL_Driver/Src/stm32l4xx_hal.o
 .debug_macro   0x000000000001b402       0x35 Drivers/STM32L4xx_HAL_Driver/Src/stm32l4xx_hal.o
 .debug_macro   0x000000000001b437       0x9c Drivers/STM32L4xx_HAL_Driver/Src/stm32l4xx_hal.o
 .debug_macro   0x000000000001b4d3       0x16 Drivers/STM32L4xx_HAL_Driver/Src/stm32l4xx_hal.o
 .debug_macro   0x000000000001b4e9       0x97 Drivers/STM32L4xx_HAL_Driver/Src/stm32l4xx_hal.o
 .debug_macro   0x000000000001b580      0x30d Drivers/STM32L4xx_HAL_Driver/Src/stm32l4xx_hal.o
 .debug_macro   0x000000000001b88d       0xfd Drivers/STM32L4xx_HAL_Driver/Src/stm32l4xx_hal.o
 .debug_macro   0x000000000001b98a       0x10 Drivers/STM32L4xx_HAL_Driver/Src/stm32l4xx_hal.o
 .debug_macro   0x000000000001b99a       0x52 Drivers/STM32L4xx_HAL_Driver/Src/stm32l4xx_hal.o
 .debug_macro   0x000000000001b9ec       0x1f Drivers/STM32L4xx_HAL_Driver/Src/stm32l4xx_hal.o
 .debug_macro   0x000000000001ba0b       0x43 Drivers/STM32L4xx_HAL_Driver/Src/stm32l4xx_hal.o
 .debug_macro   0x000000000001ba4e       0x20 Drivers/STM32L4xx_HAL_Driver/Src/stm32l4xx_hal.o
 .debug_macro   0x000000000001ba6e      0x187 Drivers/STM32L4xx_HAL_Driver/Src/stm32l4xx_hal.o
 .debug_macro   0x000000000001bbf5       0x10 Drivers/STM32L4xx_HAL_Driver/Src/stm32l4xx_hal.o
 .debug_macro   0x000000000001bc05       0x1c Drivers/STM32L4xx_HAL_Driver/Src/stm32l4xx_hal.o
 .debug_macro   0x000000000001bc21       0x52 Drivers/STM32L4xx_HAL_Driver/Src/stm32l4xx_hal.o
 .debug_macro   0x000000000001bc73       0x40 Drivers/STM32L4xx_HAL_Driver/Src/stm32l4xx_hal.o
 .debug_macro   0x000000000001bcb3       0x10 Drivers/STM32L4xx_HAL_Driver/Src/stm32l4xx_hal.o
 .debug_macro   0x000000000001bcc3       0x40 Drivers/STM32L4xx_HAL_Driver/Src/stm32l4xx_hal.o
 .debug_macro   0x000000000001bd03       0xd7 Drivers/STM32L4xx_HAL_Driver/Src/stm32l4xx_hal.o
 .debug_macro   0x000000000001bdda       0x16 Drivers/STM32L4xx_HAL_Driver/Src/stm32l4xx_hal.o
 .debug_macro   0x000000000001bdf0      0x18b Drivers/STM32L4xx_HAL_Driver/Src/stm32l4xx_hal.o
 .debug_macro   0x000000000001bf7b       0x50 Drivers/STM32L4xx_HAL_Driver/Src/stm32l4xx_hal.o
 .debug_macro   0x000000000001bfcb     0x1192 Drivers/STM32L4xx_HAL_Driver/Src/stm32l4xx_hal.o
 .debug_macro   0x000000000001d15d      0x535 Drivers/STM32L4xx_HAL_Driver/Src/stm32l4xx_hal.o
 .debug_macro   0x000000000001d692      0x148 Drivers/STM32L4xx_HAL_Driver/Src/stm32l4xx_hal.o
 .debug_macro   0x000000000001d7da      0x10b Drivers/STM32L4xx_HAL_Driver/Src/stm32l4xx_hal.o
 .debug_macro   0x000000000001d8e5      0x25d Drivers/STM32L4xx_HAL_Driver/Src/stm32l4xx_hal.o
 .debug_macro   0x000000000001db42      0x23a Drivers/STM32L4xx_HAL_Driver/Src/stm32l4xx_hal.o
 .debug_macro   0x000000000001dd7c      0x360 Drivers/STM32L4xx_HAL_Driver/Src/stm32l4xx_hal.o
 .debug_macro   0x000000000001e0dc      0x360 Drivers/STM32L4xx_HAL_Driver/Src/stm32l4xx_hal.o
 .debug_macro   0x000000000001e43c       0x10 Drivers/STM32L4xx_HAL_Driver/Src/stm32l4xx_hal.o
 .debug_macro   0x000000000001e44c       0xe4 Drivers/STM32L4xx_HAL_Driver/Src/stm32l4xx_hal.o
 .debug_macro   0x000000000001e530      0x202 Drivers/STM32L4xx_HAL_Driver/Src/stm32l4xx_hal.o
 .debug_macro   0x000000000001e732       0x61 Drivers/STM32L4xx_HAL_Driver/Src/stm32l4xx_hal.o
 .debug_macro   0x000000000001e793       0x90 Drivers/STM32L4xx_HAL_Driver/Src/stm32l4xx_hal.o
 .debug_macro   0x000000000001e823      0x126 Drivers/STM32L4xx_HAL_Driver/Src/stm32l4xx_hal.o
 .debug_macro   0x000000000001e949      0x2d2 Drivers/STM32L4xx_HAL_Driver/Src/stm32l4xx_hal.o
 .debug_macro   0x000000000001ec1b      0x9cd Drivers/STM32L4xx_HAL_Driver/Src/stm32l4xx_hal.o
 .debug_macro   0x000000000001f5e8      0x12f Drivers/STM32L4xx_HAL_Driver/Src/stm32l4xx_hal.o
 .debug_macro   0x000000000001f717      0x535 Drivers/STM32L4xx_HAL_Driver/Src/stm32l4xx_hal.o
 .debug_macro   0x000000000001fc4c       0x44 Drivers/STM32L4xx_HAL_Driver/Src/stm32l4xx_hal.o
 .debug_macro   0x000000000001fc90       0x89 Drivers/STM32L4xx_HAL_Driver/Src/stm32l4xx_hal.o
 .debug_macro   0x000000000001fd19      0x21a Drivers/STM32L4xx_HAL_Driver/Src/stm32l4xx_hal.o
 .debug_macro   0x000000000001ff33      0x38a Drivers/STM32L4xx_HAL_Driver/Src/stm32l4xx_hal_can.o
 .debug_macro   0x00000000000202bd      0x384 Drivers/STM32L4xx_HAL_Driver/Src/stm32l4xx_hal_cortex.o
 .debug_macro   0x0000000000020641      0x384 Drivers/STM32L4xx_HAL_Driver/Src/stm32l4xx_hal_dma.o
 .debug_macro   0x00000000000209c5      0x3c3 Drivers/STM32L4xx_HAL_Driver/Src/stm32l4xx_hal_gpio.o
 .debug_macro   0x0000000000020d88      0x3a8 Drivers/STM32L4xx_HAL_Driver/Src/stm32l4xx_hal_pwr_ex.o
 .debug_macro   0x0000000000021130      0x3c6 Drivers/STM32L4xx_HAL_Driver/Src/stm32l4xx_hal_rcc.o
 .debug_macro   0x00000000000214f6      0x3ba Drivers/STM32L4xx_HAL_Driver/Src/stm32l4xx_hal_rcc_ex.o
 .debug_macro   0x00000000000218b0      0x385 Drivers/STM32L4xx_HAL_Driver/Src/stm32l4xx_hal_tim.o
 .debug_macro   0x0000000000021c35      0x396 Drivers/STM32L4xx_HAL_Driver/Src/stm32l4xx_hal_tim_ex.o
 .debug_macro   0x0000000000021fcb      0x396 Drivers/STM32L4xx_HAL_Driver/Src/stm32l4xx_hal_uart.o
 .debug_macro   0x0000000000022361      0x384 Drivers/STM32L4xx_HAL_Driver/Src/stm32l4xx_hal_uart_ex.o
 .debug_macro   0x00000000000226e5      0x384 Drivers/STM32L4xx_HAL_Driver/Src/stm32l4xx_hal_wwdg.o
 .debug_macro   0x0000000000022a69      0x464 Middlewares/Third_Party/FreeRTOS/Source/CMSIS_RTOS/cmsis_os.o
 .debug_macro   0x0000000000022ecd       0x4c Middlewares/Third_Party/FreeRTOS/Source/CMSIS_RTOS/cmsis_os.o
 .debug_macro   0x0000000000022f19       0x8d Middlewares/Third_Party/FreeRTOS/Source/CMSIS_RTOS/cmsis_os.o
 .debug_macro   0x0000000000022fa6      0x174 Middlewares/Third_Party/FreeRTOS/Source/CMSIS_RTOS/cmsis_os.o
 .debug_macro   0x000000000002311a       0x4a Middlewares/Third_Party/FreeRTOS/Source/CMSIS_RTOS/cmsis_os.o
 .debug_macro   0x0000000000023164       0x10 Middlewares/Third_Party/FreeRTOS/Source/CMSIS_RTOS/cmsis_os.o
 .debug_macro   0x0000000000023174       0x35 Middlewares/Third_Party/FreeRTOS/Source/CMSIS_RTOS/cmsis_os.o
 .debug_macro   0x00000000000231a9       0x16 Middlewares/Third_Party/FreeRTOS/Source/CMSIS_RTOS/cmsis_os.o
 .debug_macro   0x00000000000231bf       0x26 Middlewares/Third_Party/FreeRTOS/Source/CMSIS_RTOS/cmsis_os.o
 .debug_macro   0x00000000000231e5       0x3b Middlewares/Third_Party/FreeRTOS/Source/CMSIS_RTOS/cmsis_os.o
 .debug_macro   0x0000000000023220       0xbf Middlewares/Third_Party/FreeRTOS/Source/CMSIS_RTOS/cmsis_os.o
 .debug_macro   0x00000000000232df       0x1c Middlewares/Third_Party/FreeRTOS/Source/CMSIS_RTOS/cmsis_os.o
 .debug_macro   0x00000000000232fb      0x786 Middlewares/Third_Party/FreeRTOS/Source/CMSIS_RTOS/cmsis_os.o
 .debug_macro   0x0000000000023a81      0x12c Middlewares/Third_Party/FreeRTOS/Source/CMSIS_RTOS/cmsis_os.o
 .debug_macro   0x0000000000023bad      0x168 Middlewares/Third_Party/FreeRTOS/Source/CMSIS_RTOS/cmsis_os.o
 .debug_macro   0x0000000000023d15       0xe4 Middlewares/Third_Party/FreeRTOS/Source/CMSIS_RTOS/cmsis_os.o
 .debug_macro   0x0000000000023df9       0x10 Middlewares/Third_Party/FreeRTOS/Source/CMSIS_RTOS/cmsis_os.o
 .debug_macro   0x0000000000023e09       0x1f Middlewares/Third_Party/FreeRTOS/Source/CMSIS_RTOS/cmsis_os.o
 .debug_macro   0x0000000000023e28      0x328 Middlewares/Third_Party/FreeRTOS/Source/CMSIS_RTOS/cmsis_os.o
 .debug_macro   0x0000000000024150       0xc0 Middlewares/Third_Party/FreeRTOS/Source/CMSIS_RTOS/cmsis_os.o
 .debug_macro   0x0000000000024210       0x8c Middlewares/Third_Party/FreeRTOS/Source/CMSIS_RTOS/cmsis_os.o
 .debug_macro   0x000000000002429c       0x91 Middlewares/Third_Party/FreeRTOS/Source/CMSIS_RTOS/cmsis_os.o
 .debug_macro   0x000000000002432d       0x94 Middlewares/Third_Party/FreeRTOS/Source/CMSIS_RTOS/cmsis_os.o
 .debug_macro   0x00000000000243c1       0x63 Middlewares/Third_Party/FreeRTOS/Source/CMSIS_RTOS/cmsis_os.o
 .debug_macro   0x0000000000024424       0x19 Middlewares/Third_Party/FreeRTOS/Source/CMSIS_RTOS/cmsis_os.o
 .debug_macro   0x000000000002443d       0xcf Middlewares/Third_Party/FreeRTOS/Source/CMSIS_RTOS/cmsis_os.o
 .debug_macro   0x000000000002450c      0x40a Middlewares/Third_Party/FreeRTOS/Source/list.o
 .debug_macro   0x0000000000024916      0x486 Middlewares/Third_Party/FreeRTOS/Source/queue.o
 .debug_macro   0x0000000000024d9c       0x16 Middlewares/Third_Party/FreeRTOS/Source/queue.o
 .debug_macro   0x0000000000024db2      0x4e9 Middlewares/Third_Party/FreeRTOS/Source/tasks.o
 .debug_macro   0x000000000002529b       0x10 Middlewares/Third_Party/FreeRTOS/Source/tasks.o
 .debug_macro   0x00000000000252ab      0x447 Middlewares/Third_Party/FreeRTOS/Source/timers.o
 .debug_macro   0x00000000000256f2      0x4be Middlewares/Third_Party/FreeRTOS/Source/portable/GCC/ARM_CM4F/port.o
 .debug_macro   0x0000000000025bb0      0x431 Middlewares/Third_Party/FreeRTOS/Source/portable/MemMang/heap_4.o
 .debug_macro   0x0000000000025fe1      0x459 Src/can.o
 .debug_macro   0x000000000002643a      0x132 Src/can.o
 .debug_macro   0x000000000002656c      0x3f1 Src/freertos.o
 .debug_macro   0x000000000002695d      0x4a5 Src/main.o
 .debug_macro   0x0000000000026e02      0x3b9 Src/serial.o
 .debug_macro   0x00000000000271bb      0x384 Src/stm32l4xx_hal_msp.o